
> saffron-town@0.1.0 build /Users/mohsinyaqoob/Projects/saffronbox
> next build

⚠ Warning: Next.js inferred your workspace root, but it may not be correct.
 We detected multiple lockfiles and selected the directory of /Users/mohsinyaqoob/package-lock.json as the root directory.
 To silence this warning, set `turbopack.root` in your Next.js config, or consider removing one of the lockfiles if it's not needed.
   See https://nextjs.org/docs/app/api-reference/config/next-config-js/turbopack#root-directory for more information.
 Detected additional lockfiles: 
   * /Users/mohsinyaqoob/Projects/saffronbox/pnpm-lock.yaml

▲ Next.js 16.1.6 (Turbopack)
- Environments: .env

  Creating an optimized production build ...

> Build error occurred
Error: Turbopack build failed with 1 errors:
./Projects/saffronbox/src/app/globals.css:3:24935
Module not found: Can't resolve '&#x27;/images/products/mongra-saffron-1.png&'
[0m [90m 1 |[39m [90m/*! tailwindcss v4.2.1 | MIT License | https://tailwindcss.com */[39m
 [90m 2 |[39m [33m@[39mlayer properties{[33m@[39msupports ((([33m-[39mwebkit[33m-[39mhyphens[33m:[39mnone)) and (not (margin[33m-[39mtrim[33m:[39minline))) or (([33m-[39mmoz[33m-[39morient[33m:[39minline) and (not (color[33m:[39mrgb([36mfrom[39m red r g b)))){[33m*[39m[33m,[39m[33m:[39mbefore[33m,[39m[33m:[39mafter[33m,[39m[33m:[39m[33m:[39mbackdrop{[33m--[39mtw[33m-[39mtranslate[33m-[39mx[33m:[39m[35m0[39m[33m;[39m[33m--[39mtw[33m-[39mtranslate[33m-[39my[33m:[39m[35m0[39m[33m;[39m[33m--[39mtw[33m-[39mtranslate[33m-[39mz[33m:[39m[35m0[39m[33m;[39m[33m--[39mtw[33m-[39mrotate[33m-[39mx[33m:[39minitial[33m;[39m[33m--[39mtw[33m-[39mrotate[33m-[39my[33m:[39minitial[33m;[39m[33m--[39mtw[33m-[39mrotate[33m-[39mz[33m:[39minitial[33m;[39m[33m--[39mtw[33m-[39mskew[33m-[39mx[33m:[39minitial[33m;[39m[33m--[39mtw[33m-[39mskew[33m-[39my[33m:[39minitial[33m;[39m[33m--[39mtw[33m-[39mpan[33m-[39mx[33m:[39minitial[33m;[39m[33m--[39mtw[33m-[39mpan[33m-[39my[33m:[39minitial[33m;[39m[33m--[39mtw[33m-[39mpinch[33m-[39mzoom[33m:[39minitial[33m;[39m[33m--[39mtw[33m-[39mspace[33m-[39my[33m-[39mreverse[33m:[39m[35m0[39m[33m;[39m[33m--[39mtw[33m-[39mspace[33m-[39mx[33m-[39mreverse[33m:[39m[35m0[39m[33m;[39m[33m--[39mtw[33m-[39mdivide[33m-[39mx[33m-[39mreverse[33m:[39m[35m0[39m[33m;[39m[33m--[39mtw[33m-[39mborder[33m-[39mstyle[33m:[39msolid[33m;[39m[33m--[39mtw[33m-[39mdivide[33m-[39my[33m-[39mreverse[33m:[39m[35m0[39m[33m;[39m[33m--[39mtw[33m-[39mgradient[33m-[39mposition[33m:[39minitial[33m;[39m[33m--[39mtw[33m-[39mgradient[33m-[39m[36mfrom[39m[33m:[39m[33m#[39m[35m0000[39m[33m;[39m[33m--[39mtw[33m-[39mgradient[33m-[39mvia[33m:[39m[33m#[39m[35m0000[39m[33m;[39m[33m--[39mtw[33m-[39mgradient[33m-[39mto[33m:[39m[33m#[39m[35m0000[39m[33m;[39m[33m--[39mtw[33m-[39mgradient[33m-[39mstops[33m:[39minitial[33m;[39m[33m--[39mtw[33m-[39mgradient[33m-[39mvia[33m-[39mstops[33m:[39minitial[33m;[39m[33m--[39mtw[33m-[39mgradient[33m-[39m[36mfrom[39m[33m-[39mposition[33m:[39m[35m0[39m[33m%[39m[33m;[39m[33m--[39mtw[33m-[39mgradient[33m-[39mvia[33m-[39mposition[33m:[39m[35m50[39m[33m%[39m[33m;[39m[33m--[39mtw[33m-[39mgradient[33m-[39mto[33m-[39mposition[33m:[39m[35m100[39m[33m%[39m[33m;[39m[33m--[39mtw[33m-[39mleading[33m:[39minitial[33m;[39m[33m--[39mtw[33m-[39mfont[33m-[39mweight[33m:[39minitial[33m;[39m[33m--[39mtw[33m-[39mtracking[33m:[39minitial[33m;[39m[33m--[39mtw[33m-[39mordinal[33m:[39minitial[33m;[39m[33m--[39mtw[33m-[39mslashed[33m-[39mzero[33m:[39minitial[33m;[39m[33m--[39mtw[33m-[39mnumeric[33m-[39mfigure[33m:[39minitial[33m;[39m[33m--[39mtw[33m-[39mnumeric[33m-[39mspacing[33m:[39minitial[33m;[39m[33m--[39mtw[33m-[39mnumeric[33m-[39mfraction[33m:[39minitial[33m;[39m[33m--[39mtw[33m-[39mshadow[33m:[39m[35m0[39m [35m0[39m [33m#[39m[35m0000[39m[33m;[39m[33m--[39mtw[33m-[39mshadow[33m-[39mcolor[33m:[39minitial[33m;[39m[33m--[39mtw[33m-[39mshadow[33m-[39malpha[33m:[39m[35m100[39m[33m%[39m[33m;[39m[33m--[39mtw[33m-[39minset[33m-[39mshadow[33m:[39m[35m0[39m [35m0[39m [33m#[39m[35m0000[39m[33m;[39m[33m--[39mtw[33m-[39minset[33m-[39mshadow[33m-[39mcolor[33m:[39minitial[33m;[39m[33m--[39mtw[33m-[39minset[33m-[39mshadow[33m-[39malpha[33m:[39m[35m100[39m[33m%[39m[33m;[39m[33m--[39mtw[33m-[39mring[33m-[39mcolor[33m:[39minitial[33m;[39m[33m--[39mtw[33m-[39mring[33m-[39mshadow[33m:[39m[35m0[39m [35m0[39m [33m#[39m[35m0000[39m[33m;[39m[33m--[39mtw[33m-[39minset[33m-[39mring[33m-[39mcolor[33m:[39minitial[33m;[39m[33m--[39mtw[33m-[39minset[33m-[39mring[33m-[39mshadow[33m:[39m[35m0[39m [35m0[39m [33m#[39m[35m0000[39m[33m;[39m[33m--[39mtw[33m-[39mring[33m-[39minset[33m:[39minitial[33m;[39m[33m--[39mtw[33m-[39mring[33m-[39moffset[33m-[39mwidth[33m:[39m[35m0[39mpx[33m;[39m[33m--[39mtw[33m-[39mring[33m-[39moffset[33m-[39mcolor[33m:[39m[33m#[39mfff[33m;[39m[33m--[39mtw[33m-[39mring[33m-[39moffset[33m-[39mshadow[33m:[39m[35m0[39m [35m0[39m [33m#[39m[35m0000[39m[33m;[39m[33m--[39mtw[33m-[39moutline[33m-[39mstyle[33m:[39msolid[33m;[39m[33m--[39mtw[33m-[39mblur[33m:[39minitial[33m;[39m[33m--[39mtw[33m-[39mbrightness[33m:[39minitial[33m;[39m[33m--[39mtw[33m-[39mcontrast[33m:[39minitial[33m;[39m[33m--[39mtw[33m-[39mgrayscale[33m:[39minitial[33m;[39m[33m--[39mtw[33m-[39mhue[33m-[39mrotate[33m:[39minitial[33m;[39m[33m--[39mtw[33m-[39minvert[33m:[39minitial[33m;[39m[33m--[39mtw[33m-[39mopacity[33m:[39minitial[33m;[39m[33m--[39mtw[33m-[39msaturate[33m:[39minitial[33m;[39m[33m--[39mtw[33m-[39msepia[33m:[39minitial[33m;[39m[33m--[39mtw[33m-[39mdrop[33m-[39mshadow[33m:[39minitial[33m;[39m[33m--[39mtw[33m-[39mdrop[33m-[39mshadow[33m-[39mcolor[33m:[39minitial[33m;[39m[33m--[39mtw[33m-[39mdrop[33m-[39mshadow[33m-[39malpha[33m:[39m[35m100[39m[33m%[39m[33m;[39m[33m--[39mtw[33m-[39mdrop[33m-[39mshadow[33m-[39msize[33m:[39minitial[33m;[39m[33m--[39mtw[33m-[39mbackdrop[33m-[39mblur[33m:[39minitial[33m;[39m[33m--[39mtw[33m-[39mbackdrop[33m-[39mbrightness[33m:[39minitial[33m;[39m[33m--[39mtw[33m-[39mbackdrop[33m-[39mcontrast[33m:[39minitial[33m;[39m[33m--[39mtw[33m-[39mbackdrop[33m-[39mgrayscale[33m:[39minitial[33m;[39m[33m--[39mtw[33m-[39mbackdrop[33m-[39mhue[33m-[39mrotate[33m:[39minitial[33m;[39m[33m--[39mtw[33m-[39mbackdrop[33m-[39minvert[33m:[39minitial[33m;[39m[33m--[39mtw[33m-[39mbackdrop[33m-[39mopacity[33m:[39minitial[33m;[39m[33m--[39mtw[33m-[39mbackdrop[33m-[39msaturate[33m:[39minitial[33m;[39m[33m--[39mtw[33m-[39mbackdrop[33m-[39msepia[33m:[39minitial[33m;[39m[33m--[39mtw[33m-[39mduration[33m:[39minitial[33m;[39m[33m--[39mtw[33m-[39mease[33m:[39minitial[33m;[39m[33m--[39mtw[33m-[39mscale[33m-[39mx[33m:[39m[35m1[39m[33m;[39m[33m--[39mtw[33m-[39mscale[33m-[39my[33m:[39m[35m1[39m[33m;[39m[33m--[39mtw[33m-[39mscale[33m-[39mz[33m:[39m[35m1[39m}}}[33m@[39mlayer theme{[33m:[39mroot[33m,[39m[33m:[39mhost{[33m--[39mfont[33m-[39msans[33m:[39mui[33m-[39msans[33m-[39mserif[33m,[39m system[33m-[39mui[33m,[39m sans[33m-[39mserif[33m,[39m [32m"Apple Color Emoji"[39m[33m,[39m [32m"Segoe UI Emoji"[39m[33m,[39m [32m"Segoe UI Symbol"[39m[33m,[39m [32m"Noto Color Emoji"[39m[33m;[39m[33m--[39mfont[33m-[39mmono[33m:[39mui[33m-[39mmonospace[33m,[39m [33mSFMono[39m[33m-[39m[33mRegular[39m[33m,[39m [33mMenlo[39m[33m,[39m [33mMonaco[39m[33m,[39m [33mConsolas[39m[33m,[39m [32m"Liberation Mono"[39m[33m,[39m [32m"Courier New"[39m[33m,[39m monospace[33m;[39m[33m--[39mcolor[33m-[39mred[33m-[39m[35m500[39m[33m:[39moklch([35m63.7[39m[33m%[39m [35m.237[39m [35m25.331[39m)[33m;[39m[33m--[39mcolor[33m-[39myellow[33m-[39m[35m500[39m[33m:[39moklch([35m79.5[39m[33m%[39m [35m.184[39m [35m86.047[39m)[33m;[39m[33m--[39mcolor[33m-[39mblack[33m:[39m[33m#[39m[35m000[39m[33m;[39m[33m--[39mcolor[33m-[39mwhite[33m:[39m[33m#[39mfff[33m;[39m[33m--[39mspacing[33m:[39m[35m.25[39mrem[33m;[39m[33m--[39mcontainer[33m-[39mmd[33m:[39m[35m28[39mrem[33m;[39m[33m--[39mcontainer[33m-[39mxl[33m:[39m[35m36[39mrem[33m;[39m[33m--[39mcontainer[33m-[39m[35m2[39mxl[33m:[39m[35m42[39mrem[33m;[39m[33m--[39mcontainer[33m-[39m[35m3[39mxl[33m:[39m[35m48[39mrem[33m;[39m[33m--[39mcontainer[33m-[39m[35m5[39mxl[33m:[39m[35m64[39mrem[33m;[39m[33m--[39mcontainer[33m-[39m[35m7[39mxl[33m:[39m[35m80[39mrem[33m;[39m[33m--[39mtext[33m-[39mxs[33m:[39m[35m.75[39mrem[33m;[39m[33m--[39mtext[33m-[39mxs[33m--[39mline[33m-[39mheight[33m:[39mcalc([35m1[39m [33m/[39m [35m.75[39m)[33m;[39m[33m--[39mtext[33m-[39msm[33m:[39m[35m.875[39mrem[33m;[39m[33m--[39mtext[33m-[39msm[33m--[39mline[33m-[39mheight[33m:[39mcalc([35m1.25[39m [33m/[39m [35m.875[39m)[33m;[39m[33m--[39mtext[33m-[39mbase[33m:[39m[35m1[39mrem[33m;[39m[33m--[39mtext[33m-[39mbase[33m--[39mline[33m-[39mheight[33m:[39mcalc([35m1.5[39m [33m/[39m [35m1[39m)[33m;[39m[33m--[39mtext[33m-[39mlg[33m:[39m[35m1.125[39mrem[33m;[39m[33m--[39mtext[33m-[39mlg[33m--[39mline[33m-[39mheight[33m:[39mcalc([35m1.75[39m [33m/[39m [35m1.125[39m)[33m;[39m[33m--[39mtext[33m-[39mxl[33m:[39m[35m1.25[39mrem[33m;[39m[33m--[39mtext[33m-[39mxl[33m--[39mline[33m-[39mheight[33m:[39mcalc([35m1.75[39m [33m/[39m [35m1.25[39m)[33m;[39m[33m--[39mtext[33m-[39m[35m2[39mxl[33m:[39m[35m1.5[39mrem[33m;[39m[33m--[39mtext[33m-[39m[35m2[39mxl[33m--[39mline[33m-[39mheight[33m:[39mcalc([35m2[39m [33m/[39m [35m1.5[39m)[33m;[39m[33m--[39mtext[33m-[39m[35m3[39mxl[33m:[39m[35m1.875[39mrem[33m;[39m[33m--[39mtext[33m-[39m[35m3[39mxl[33m--[39mline[33m-[39mheight[33m:[39mcalc([35m2.25[39m [33m/[39m [35m1.875[39m)[33m;[39m[33m--[39mtext[33m-[39m[35m4[39mxl[33m:[39m[35m2.25[39mrem[33m;[39m[33m--[39mtext[33m-[39m[35m4[39mxl[33m--[39mline[33m-[39mheight[33m:[39mcalc([35m2.5[39m [33m/[39m [35m2.25[39m)[33m;[39m[33m--[39mtext[33m-[39m[35m5[39mxl[33m:[39m[35m3[39mrem[33m;[39m[33m--[39mtext[33m-[39m[35m5[39mxl[33m--[39mline[33m-[39mheight[33m:[39m[35m1[39m[33m;[39m[33m--[39mtext[33m-[39m[35m6[39mxl[33m:[39m[35m3.75[39mrem[33m;[39m[33m--[39mtext[33m-[39m[35m6[39mxl[33m--[39mline[33m-[39mheight[33m:[39m[35m1[39m[33m;[39m[33m--[39mfont[33m-[39mweight[33m-[39mnormal[33m:[39m[35m400[39m[33m;[39m[33m--[39mfont[33m-[39mweight[33m-[39mmedium[33m:[39m[35m500[39m[33m;[39m[33m--[39mfont[33m-[39mweight[33m-[39msemibold[33m:[39m[35m600[39m[33m;[39m[33m--[39mfont[33m-[39mweight[33m-[39mbold[33m:[39m[35m700[39m[33m;[39m[33m--[39mtracking[33m-[39mtighter[33m:[39m[33m-[39m[35m.05[39mem[33m;[39m[33m--[39mtracking[33m-[39mtight[33m:[39m[33m-[39m[35m.025[39mem[33m;[39m[33m--[39mtracking[33m-[39mwider[33m:[39m[35m.05[39mem[33m;[39m[33m--[39mtracking[33m-[39mwidest[33m:[39m[35m.1[39mem[33m;[39m[33m--[39mleading[33m-[39mtight[33m:[39m[35m1.25[39m[33m;[39m[33m--[39mleading[33m-[39msnug[33m:[39m[35m1.375[39m[33m;[39m[33m--[39mleading[33m-[39mrelaxed[33m:[39m[35m1.625[39m[33m;[39m[33m--[39mradius[33m-[39mmd[33m:[39m[35m.375[39mrem[33m;[39m[33m--[39mradius[33m-[39mlg[33m:[39m[35m.5[39mrem[33m;[39m[33m--[39mradius[33m-[39mxl[33m:[39m[35m.75[39mrem[33m;[39m[33m--[39mradius[33m-[39m[35m2[39mxl[33m:[39m[35m1[39mrem[33m;[39m[33m--[39mradius[33m-[39m[35m3[39mxl[33m:[39m[35m1.5[39mrem[33m;[39m[33m--[39mdrop[33m-[39mshadow[33m-[39mlg[33m:[39m[35m0[39m [35m4[39mpx [35m4[39mpx [33m#[39m[35m00000026[39m[33m;[39m[33m--[39mdrop[33m-[39mshadow[33m-[39m[35m2[39mxl[33m:[39m[35m0[39m [35m25[39mpx [35m25[39mpx [33m#[39m[35m00000026[39m[33m;[39m[33m--[39mease[33m-[39m[36min[39m[33m:[39mcubic[33m-[39mbezier([35m.4[39m[33m,[39m [35m0[39m[33m,[39m [35m1[39m[33m,[39m [35m1[39m)[33m;[39m[33m--[39mease[33m-[39mout[33m:[39mcubic[33m-[39mbezier([35m0[39m[33m,[39m [35m0[39m[33m,[39m [35m.2[39m[33m,[39m [35m1[39m)[33m;[39m[33m--[39mease[33m-[39m[36min[39m[33m-[39mout[33m:[39mcubic[33m-[39mbezier([35m.4[39m[33m,[39m [35m0[39m[33m,[39m [35m.2[39m[33m,[39m [35m1[39m)[33m;[39m[33m--[39mblur[33m-[39msm[33m:[39m[35m8[39mpx[33m;[39m[33m--[39mblur[33m-[39mmd[33m:[39m[35m12[39mpx[33m;[39m[33m--[39maspect[33m-[39mvideo[33m:[39m[35m16[39m [33m/[39m [35m9[39m[33m;[39m[33m--[39m[36mdefault[39m[33m-[39mtransition[33m-[39mduration[33m:[39m[35m.15[39ms[33m;[39m[33m--[39m[36mdefault[39m[33m-[39mtransition[33m-[39mtiming[33m-[39m[36mfunction[39m[33m:[39mcubic[33m-[39mbezier([35m.4[39m[33m,[39m [35m0[39m[33m,[39m [35m.2[39m[33m,[39m [35m1[39m)[33m;[39m[33m--[39m[36mdefault[39m[33m-[39mfont[33m-[39mfamily[33m:[39m[36mvar[39m([33m--[39mfont[33m-[39msans)[33m;[39m[33m--[39m[36mdefault[39m[33m-[39mmono[33m-[39mfont[33m-[39mfamily[33m:[39m[36mvar[39m([33m--[39mfont[33m-[39mmono)[33m;[39m[33m--[39mcolor[33m-[39mprimary[33m:[39m[33m#[39mbc8034}}[33m@[39mlayer base{[33m*[39m[33m,[39m[33m:[39mafter[33m,[39m[33m:[39mbefore[33m,[39m[33m:[39m[33m:[39mbackdrop{box[33m-[39msizing[33m:[39mborder[33m-[39mbox[33m;[39mborder[33m:[39m[35m0[39m solid[33m;[39mmargin[33m:[39m[35m0[39m[33m;[39mpadding[33m:[39m[35m0[39m}[33m:[39m[33m:[39mfile[33m-[39mselector[33m-[39mbutton{box[33m-[39msizing[33m:[39mborder[33m-[39mbox[33m;[39mborder[33m:[39m[35m0[39m solid[33m;[39mmargin[33m:[39m[35m0[39m[33m;[39mpadding[33m:[39m[35m0[39m}html[33m,[39m[33m:[39mhost{[33m-[39mwebkit[33m-[39mtext[33m-[39msize[33m-[39madjust[33m:[39m[35m100[39m[33m%[39m[33m;[39mtab[33m-[39msize[33m:[39m[35m4[39m[33m;[39mline[33m-[39mheight[33m:[39m[35m1.5[39m[33m;[39mfont[33m-[39mfamily[33m:[39m[36mvar[39m([33m--[39m[36mdefault[39m[33m-[39mfont[33m-[39mfamily[33m,[39mui[33m-[39msans[33m-[39mserif[33m,[39m system[33m-[39mui[33m,[39m sans[33m-[39mserif[33m,[39m [32m"Apple Color Emoji"[39m[33m,[39m [32m"Segoe UI Emoji"[39m[33m,[39m [32m"Segoe UI Symbol"[39m[33m,[39m [32m"Noto Color Emoji"[39m)[33m;[39mfont[33m-[39mfeature[33m-[39msettings[33m:[39m[36mvar[39m([33m--[39m[36mdefault[39m[33m-[39mfont[33m-[39mfeature[33m-[39msettings[33m,[39mnormal)[33m;[39mfont[33m-[39mvariation[33m-[39msettings[33m:[39m[36mvar[39m([33m--[39m[36mdefault[39m[33m-[39mfont[33m-[39mvariation[33m-[39msettings[33m,[39mnormal)[33m;[39m[33m-[39mwebkit[33m-[39mtap[33m-[39mhighlight[33m-[39mcolor[33m:[39mtransparent}hr{height[33m:[39m[35m0[39m[33m;[39mcolor[33m:[39minherit[33m;[39mborder[33m-[39mtop[33m-[39mwidth[33m:[39m[35m1[39mpx}abbr[33m:[39mwhere([title]){[33m-[39mwebkit[33m-[39mtext[33m-[39mdecoration[33m:[39munderline dotted[33m;[39mtext[33m-[39mdecoration[33m:[39munderline dotted}h1[33m,[39mh2[33m,[39mh3[33m,[39mh4[33m,[39mh5[33m,[39mh6{font[33m-[39msize[33m:[39minherit[33m;[39mfont[33m-[39mweight[33m:[39minherit}a{color[33m:[39minherit[33m;[39m[33m-[39mwebkit[33m-[39mtext[33m-[39mdecoration[33m:[39minherit[33m;[39m[33m-[39mwebkit[33m-[39mtext[33m-[39mdecoration[33m:[39minherit[33m;[39m[33m-[39mwebkit[33m-[39mtext[33m-[39mdecoration[33m:[39minherit[33m;[39mtext[33m-[39mdecoration[33m:[39minherit}b[33m,[39mstrong{font[33m-[39mweight[33m:[39mbolder}code[33m,[39mkbd[33m,[39msamp[33m,[39mpre{font[33m-[39mfamily[33m:[39m[36mvar[39m([33m--[39m[36mdefault[39m[33m-[39mmono[33m-[39mfont[33m-[39mfamily[33m,[39mui[33m-[39mmonospace[33m,[39m [33mSFMono[39m[33m-[39m[33mRegular[39m[33m,[39m [33mMenlo[39m[33m,[39m [33mMonaco[39m[33m,[39m [33mConsolas[39m[33m,[39m [32m"Liberation Mono"[39m[33m,[39m [32m"Courier New"[39m[33m,[39m monospace)[33m;[39mfont[33m-[39mfeature[33m-[39msettings[33m:[39m[36mvar[39m([33m--[39m[36mdefault[39m[33m-[39mmono[33m-[39mfont[33m-[39mfeature[33m-[39msettings[33m,[39mnormal)[33m;[39mfont[33m-[39mvariation[33m-[39msettings[33m:[39m[36mvar[39m([33m--[39m[36mdefault[39m[33m-[39mmono[33m-[39mfont[33m-[39mvariation[33m-[39msettings[33m,[39mnormal)[33m;[39mfont[33m-[39msize[33m:[39m[35m1[39mem}small{font[33m-[39msize[33m:[39m[35m80[39m[33m%[39m}sub[33m,[39msup{vertical[33m-[39malign[33m:[39mbaseline[33m;[39mfont[33m-[39msize[33m:[39m[35m75[39m[33m%[39m[33m;[39mline[33m-[39mheight[33m:[39m[35m0[39m[33m;[39mposition[33m:[39mrelative}sub{bottom[33m:[39m[33m-[39m[35m.25[39mem}sup{top[33m:[39m[33m-[39m[35m.5[39mem}table{text[33m-[39mindent[33m:[39m[35m0[39m[33m;[39mborder[33m-[39mcolor[33m:[39minherit[33m;[39mborder[33m-[39mcollapse[33m:[39mcollapse}[33m:[39m[33m-[39mmoz[33m-[39mfocusring{outline[33m:[39mauto}progress{vertical[33m-[39malign[33m:[39mbaseline}summary{display[33m:[39mlist[33m-[39mitem}ol[33m,[39mul[33m,[39mmenu{list[33m-[39mstyle[33m:[39mnone}img[33m,[39msvg[33m,[39mvideo[33m,[39mcanvas[33m,[39maudio[33m,[39miframe[33m,[39membed[33m,[39mobject{vertical[33m-[39malign[33m:[39mmiddle[33m;[39mdisplay[33m:[39mblock}img[33m,[39mvideo{max[33m-[39mwidth[33m:[39m[35m100[39m[33m%[39m[33m;[39mheight[33m:[39mauto}button[33m,[39minput[33m,[39mselect[33m,[39moptgroup[33m,[39mtextarea{font[33m:[39minherit[33m;[39mfont[33m-[39mfeature[33m-[39msettings[33m:[39minherit[33m;[39mfont[33m-[39mvariation[33m-[39msettings[33m:[39minherit[33m;[39mletter[33m-[39mspacing[33m:[39minherit[33m;[39mcolor[33m:[39minherit[33m;[39mopacity[33m:[39m[35m1[39m[33m;[39mbackground[33m-[39mcolor[33m:[39m[33m#[39m[35m0000[39m[33m;[39mborder[33m-[39mradius[33m:[39m[35m0[39m}[33m:[39m[33m:[39mfile[33m-[39mselector[33m-[39mbutton{font[33m:[39minherit[33m;[39mfont[33m-[39mfeature[33m-[39msettings[33m:[39minherit[33m;[39mfont[33m-[39mvariation[33m-[39msettings[33m:[39minherit[33m;[39mletter[33m-[39mspacing[33m:[39minherit[33m;[39mcolor[33m:[39minherit[33m;[39mopacity[33m:[39m[35m1[39m[33m;[39mbackground[33m-[39mcolor[33m:[39m[33m#[39m[35m0000[39m[33m;[39mborder[33m-[39mradius[33m:[39m[35m0[39m}[33m:[39mwhere(select[33m:[39mis([multiple][33m,[39m[size])) optgroup{font[33m-[39mweight[33m:[39mbolder}[33m:[39mwhere(select[33m:[39mis([multiple][33m,[39m[size])) optgroup option{padding[33m-[39minline[33m-[39mstart[33m:[39m[35m20[39mpx}[33m:[39m[33m:[39mfile[33m-[39mselector[33m-[39mbutton{margin[33m-[39minline[33m-[39mend[33m:[39m[35m4[39mpx}[33m:[39m[33m:[39mplaceholder{opacity[33m:[39m[35m1[39m}[33m@[39msupports (not (([33m-[39mwebkit[33m-[39mappearance[33m:[39m[33m-[39mapple[33m-[39mpay[33m-[39mbutton))) or (contain[33m-[39mintrinsic[33m-[39msize[33m:[39m[35m1[39mpx){[33m:[39m[33m:[39mplaceholder{color[33m:[39mcurrentColor}[33m@[39msupports (color[33m:[39mcolor[33m-[39mmix([36min[39m lab[33m,[39m red[33m,[39m red)){[33m:[39m[33m:[39mplaceholder{color[33m:[39mcolor[33m-[39mmix([36min[39m oklab[33m,[39m currentcolor [35m50[39m[33m%[39m[33m,[39m transparent)}}}textarea{resize[33m:[39mvertical}[33m:[39m[33m:[39m[33m-[39mwebkit[33m-[39msearch[33m-[39mdecoration{[33m-[39mwebkit[33m-[39mappearance[33m:[39mnone}[33m:[39m[33m:[39m[33m-[39mwebkit[33m-[39mdate[33m-[39mand[33m-[39mtime[33m-[39mvalue{min[33m-[39mheight[33m:[39m[35m1[39mlh[33m;[39mtext[33m-[39malign[33m:[39minherit}[33m:[39m[33m:[39m[33m-[39mwebkit[33m-[39mdatetime[33m-[39medit{display[33m:[39minline[33m-[39mflex}[33m:[39m[33m:[39m[33m-[39mwebkit[33m-[39mdatetime[33m-[39medit[33m-[39mfields[33m-[39mwrapper{padding[33m:[39m[35m0[39m}[33m:[39m[33m:[39m[33m-[39mwebkit[33m-[39mdatetime[33m-[39medit{padding[33m-[39mblock[33m:[39m[35m0[39m}[33m:[39m[33m:[39m[33m-[39mwebkit[33m-[39mdatetime[33m-[39medit[33m-[39myear[33m-[39mfield{padding[33m-[39mblock[33m:[39m[35m0[39m}[33m:[39m[33m:[39m[33m-[39mwebkit[33m-[39mdatetime[33m-[39medit[33m-[39mmonth[33m-[39mfield{padding[33m-[39mblock[33m:[39m[35m0[39m}[33m:[39m[33m:[39m[33m-[39mwebkit[33m-[39mdatetime[33m-[39medit[33m-[39mday[33m-[39mfield{padding[33m-[39mblock[33m:[39m[35m0[39m}[33m:[39m[33m:[39m[33m-[39mwebkit[33m-[39mdatetime[33m-[39medit[33m-[39mhour[33m-[39mfield{padding[33m-[39mblock[33m:[39m[35m0[39m}[33m:[39m[33m:[39m[33m-[39mwebkit[33m-[39mdatetime[33m-[39medit[33m-[39mminute[33m-[39mfield{padding[33m-[39mblock[33m:[39m[35m0[39m}[33m:[39m[33m:[39m[33m-[39mwebkit[33m-[39mdatetime[33m-[39medit[33m-[39msecond[33m-[39mfield{padding[33m-[39mblock[33m:[39m[35m0[39m}[33m:[39m[33m:[39m[33m-[39mwebkit[33m-[39mdatetime[33m-[39medit[33m-[39mmillisecond[33m-[39mfield{padding[33m-[39mblock[33m:[39m[35m0[39m}[33m:[39m[33m:[39m[33m-[39mwebkit[33m-[39mdatetime[33m-[39medit[33m-[39mmeridiem[33m-[39mfield{padding[33m-[39mblock[33m:[39m[35m0[39m}[33m:[39m[33m:[39m[33m-[39mwebkit[33m-[39mcalendar[33m-[39mpicker[33m-[39mindicator{line[33m-[39mheight[33m:[39m[35m1[39m}[33m:[39m[33m-[39mmoz[33m-[39mui[33m-[39minvalid{box[33m-[39mshadow[33m:[39mnone}button[33m,[39minput[33m:[39mwhere([type[33m=[39mbutton][33m,[39m[type[33m=[39mreset][33m,[39m[type[33m=[39msubmit]){appearance[33m:[39mbutton}[33m:[39m[33m:[39mfile[33m-[39mselector[33m-[39mbutton{appearance[33m:[39mbutton}[33m:[39m[33m:[39m[33m-[39mwebkit[33m-[39minner[33m-[39mspin[33m-[39mbutton{height[33m:[39mauto}[33m:[39m[33m:[39m[33m-[39mwebkit[33m-[39mouter[33m-[39mspin[33m-[39mbutton{height[33m:[39mauto}[hidden][33m:[39mwhere([33m:[39mnot([hidden[33m=[39muntil[33m-[39mfound])){display[33m:[39mnone[33m![39mimportant}[33m.[39marticle[33m-[39mcontent h2{margin[33m-[39mtop[33m:[39mcalc([36mvar[39m([33m--[39mspacing) [33m*[39m [35m12[39m)[33m;[39mmargin[33m-[39mbottom[33m:[39mcalc([36mvar[39m([33m--[39mspacing) [33m*[39m [35m6[39m)[33m;[39mfont[33m-[39mfamily[33m:[39m[36mvar[39m([33m--[39mfont[33m-[39mplayfair)[33m,[39m [33mGeorgia[39m[33m,[39m serif[33m;[39mfont[33m-[39msize[33m:[39m[36mvar[39m([33m--[39mtext[33m-[39m[35m3[39mxl)[33m;[39mline[33m-[39mheight[33m:[39m[36mvar[39m([33m--[39mtw[33m-[39mleading[33m,[39m[36mvar[39m([33m--[39mtext[33m-[39m[35m3[39mxl[33m--[39mline[33m-[39mheight))[33m;[39m[33m--[39mtw[33m-[39mfont[33m-[39mweight[33m:[39m[36mvar[39m([33m--[39mfont[33m-[39mweight[33m-[39mbold)[33m;[39mfont[33m-[39mweight[33m:[39m[36mvar[39m([33m--[39mfont[33m-[39mweight[33m-[39mbold)[33m;[39m[33m--[39mtw[33m-[39mtracking[33m:[39m[36mvar[39m([33m--[39mtracking[33m-[39mtight)[33m;[39mletter[33m-[39mspacing[33m:[39m[36mvar[39m([33m--[39mtracking[33m-[39mtight)[33m;[39mcolor[33m:[39m[33m#[39m[35m2[39mc2520}[33m.[39marticle[33m-[39mcontent h3{margin[33m-[39mtop[33m:[39mcalc([36mvar[39m([33m--[39mspacing) [33m*[39m [35m10[39m)[33m;[39mmargin[33m-[39mbottom[33m:[39mcalc([36mvar[39m([33m--[39mspacing) [33m*[39m [35m4[39m)[33m;[39mfont[33m-[39mfamily[33m:[39m[36mvar[39m([33m--[39mfont[33m-[39mplayfair)[33m,[39m [33mGeorgia[39m[33m,[39m serif[33m;[39mfont[33m-[39msize[33m:[39m[36mvar[39m([33m--[39mtext[33m-[39m[35m2[39mxl)[33m;[39mline[33m-[39mheight[33m:[39m[36mvar[39m([33m--[39mtw[33m-[39mleading[33m,[39m[36mvar[39m([33m--[39mtext[33m-[39m[35m2[39mxl[33m--[39mline[33m-[39mheight))[33m;[39m[33m--[39mtw[33m-[39mfont[33m-[39mweight[33m:[39m[36mvar[39m([33m--[39mfont[33m-[39mweight[33m-[39mbold)[33m;[39mfont[33m-[39mweight[33m:[39m[36mvar[39m([33m--[39mfont[33m-[39mweight[33m-[39mbold)[33m;[39m[33m--[39mtw[33m-[39mtracking[33m:[39m[36mvar[39m([33m--[39mtracking[33m-[39mtight)[33m;[39mletter[33m-[39mspacing[33m:[39m[36mvar[39m([33m--[39mtracking[33m-[39mtight)[33m;[39mcolor[33m:[39m[33m#[39m[35m2[39mc2520}[33m.[39marticle[33m-[39mcontent p{margin[33m-[39mbottom[33m:[39mcalc([36mvar[39m([33m--[39mspacing) [33m*[39m [35m8[39m)[33m;[39mfont[33m-[39mfamily[33m:[39m[36mvar[39m([33m--[39mfont[33m-[39mfigtree)[33m,[39m system[33m-[39mui[33m,[39m sans[33m-[39mserif[33m;[39mfont[33m-[39msize[33m:[39m[36mvar[39m([33m--[39mtext[33m-[39mlg)[33m;[39mline[33m-[39mheight[33m:[39m[36mvar[39m([33m--[39mtw[33m-[39mleading[33m,[39m[36mvar[39m([33m--[39mtext[33m-[39mlg[33m--[39mline[33m-[39mheight))[33m;[39m[33m--[39mtw[33m-[39mleading[33m:[39m[36mvar[39m([33m--[39mleading[33m-[39mrelaxed)[33m;[39mline[33m-[39mheight[33m:[39m[36mvar[39m([33m--[39mleading[33m-[39mrelaxed)[33m;[39mcolor[33m:[39m[33m#[39m[35m8[39mc7a6b}[33m.[39marticle[33m-[39mcontent blockquote{margin[33m-[39mblock[33m:[39mcalc([36mvar[39m([33m--[39mspacing) [33m*[39m [35m12[39m)[33m;[39mborder[33m-[39mtop[33m-[39mright[33m-[39mradius[33m:[39m[36mvar[39m([33m--[39mradius[33m-[39m[35m2[39mxl)[33m;[39mborder[33m-[39mbottom[33m-[39mright[33m-[39mradius[33m:[39m[36mvar[39m([33m--[39mradius[33m-[39m[35m2[39mxl)[33m;[39mborder[33m-[39mleft[33m-[39mstyle[33m:[39m[36mvar[39m([33m--[39mtw[33m-[39mborder[33m-[39mstyle)[33m;[39mpadding[33m-[39mblock[33m:[39mcalc([36mvar[39m([33m--[39mspacing) [33m*[39m [35m2[39m)[33m;[39mpadding[33m-[39mleft[33m:[39mcalc([36mvar[39m([33m--[39mspacing) [33m*[39m [35m8[39m)[33m;[39mfont[33m-[39msize[33m:[39m[36mvar[39m([33m--[39mtext[33m-[39m[35m2[39mxl)[33m;[39mline[33m-[39mheight[33m:[39m[36mvar[39m([33m--[39mtw[33m-[39mleading[33m,[39m[36mvar[39m([33m--[39mtext[33m-[39m[35m2[39mxl[33m--[39mline[33m-[39mheight))[33m;[39m[33m--[39mtw[33m-[39mleading[33m:[39m[36mvar[39m([33m--[39mleading[33m-[39mrelaxed)[33m;[39mline[33m-[39mheight[33m:[39m[36mvar[39m([33m--[39mleading[33m-[39mrelaxed)[33m;[39mcolor[33m:[39m[33m#[39m[35m2[39mc2520[33m;[39mbackground[33m-[39mcolor[33m:[39moklab([35m64.7319[39m[33m%[39m [35m.0416823[39m [35m.109279[39m[33m/[39m[35m.05[39m)[33m;[39mborder[33m-[39mcolor[33m:[39m[33m#[39mbc8034[33m;[39mborder[33m-[39mleft[33m-[39mwidth[33m:[39m[35m4[39mpx[33m;[39mfont[33m-[39mstyle[33m:[39mitalic}[33m.[39marticle[33m-[39mcontent strong{[33m--[39mtw[33m-[39mfont[33m-[39mweight[33m:[39m[36mvar[39m([33m--[39mfont[33m-[39mweight[33m-[39mbold)[33m;[39mfont[33m-[39mweight[33m:[39m[36mvar[39m([33m--[39mfont[33m-[39mweight[33m-[39mbold)[33m;[39mcolor[33m:[39m[33m#[39m[35m2[39mc2520}}[33m@[39mlayer components[33m;[39m[33m@[39mlayer utilities{[33m.[39m[37m[41m[1m\[22m[49m[39m[33m@[39mcontainer{container[33m-[39mtype[33m:[39minline[33m-[39msize}[33m.[39mpointer[33m-[39mevents[33m-[39mauto{pointer[33m-[39mevents[33m:[39mauto}[33m.[39mpointer[33m-[39mevents[33m-[39mnone{pointer[33m-[39mevents[33m:[39mnone}[33m.[39mcollapse{visibility[33m:[39mcollapse}[33m.[39minvisible{visibility[33m:[39mhidden}[33m.[39mvisible{visibility[33m:[39mvisible}[33m.[39msr[33m-[39monly{clip[33m-[39mpath[33m:[39minset([35m50[39m[33m%[39m)[33m;[39mwhite[33m-[39mspace[33m:[39mnowrap[33m;[39mborder[33m-[39mwidth[33m:[39m[35m0[39m[33m;[39mwidth[33m:[39m[35m1[39mpx[33m;[39mheight[33m:[39m[35m1[39mpx[33m;[39mmargin[33m:[39m[33m-[39m[35m1[39mpx[33m;[39mpadding[33m:[39m[35m0[39m[33m;[39mposition[33m:[39mabsolute[33m;[39moverflow[33m:[39mhidden}[33m.[39mnot[33m-[39msr[33m-[39monly{clip[33m-[39mpath[33m:[39mnone[33m;[39mwhite[33m-[39mspace[33m:[39mnormal[33m;[39mwidth[33m:[39mauto[33m;[39mheight[33m:[39mauto[33m;[39mmargin[33m:[39m[35m0[39m[33m;[39mpadding[33m:[39m[35m0[39m[33m;[39mposition[33m:[39m[36mstatic[39m[33m;[39moverflow[33m:[39mvisible}[33m.[39mabsolute{position[33m:[39mabsolute}[33m.[39mfixed{position[33m:[39mfixed}[33m.[39mrelative{position[33m:[39mrelative}[33m.[39m[36mstatic[39m{position[33m:[39m[36mstatic[39m}[33m.[39msticky{position[33m:[39msticky}[33m.[39minset[33m-[39m[35m0[39m{inset[33m:[39mcalc([36mvar[39m([33m--[39mspacing) [33m*[39m [35m0[39m)}[33m.[39minset[33m-[39mx[33m-[39m[35m0[39m{inset[33m-[39minline[33m:[39mcalc([36mvar[39m([33m--[39mspacing) [33m*[39m [35m0[39m)}[33m.[39m[33m-[39mstart{inset[33m-[39minline[33m-[39mstart[33m:[39mcalc([36mvar[39m([33m--[39mspacing) [33m*[39m [33m-[39m[35m1[39m)}[33m.[39mstart{inset[33m-[39minline[33m-[39mstart[33m:[39m[36mvar[39m([33m--[39mspacing)}[33m.[39mstart[37m[41m[1m\[22m[49m[39m[33m![39m{inset[33m-[39minline[33m-[39mstart[33m:[39m[36mvar[39m([33m--[39mspacing)[33m![39mimportant}[33m.[39m[33m-[39mend{inset[33m-[39minline[33m-[39mend[33m:[39mcalc([36mvar[39m([33m--[39mspacing) [33m*[39m [33m-[39m[35m1[39m)}[33m.[39mend{inset[33m-[39minline[33m-[39mend[33m:[39m[36mvar[39m([33m--[39mspacing)}[33m.[39mend[37m[41m[1m\[22m[49m[39m[33m![39m{inset[33m-[39minline[33m-[39mend[33m:[39m[36mvar[39m([33m--[39mspacing)[33m![39mimportant}[33m.[39mtop[33m-[39m[35m0[39m{top[33m:[39mcalc([36mvar[39m([33m--[39mspacing) [33m*[39m [35m0[39m)}[33m.[39mtop[33m-[39m[35m1[39m{top[33m:[39mcalc([36mvar[39m([33m--[39mspacing) [33m*[39m [35m1[39m)}[33m.[39mtop[33m-[39m[35m4[39m{top[33m:[39mcalc([36mvar[39m([33m--[39mspacing) [33m*[39m [35m4[39m)}[33m.[39mtop[33m-[39m[35m20[39m{top[33m:[39mcalc([36mvar[39m([33m--[39mspacing) [33m*[39m [35m20[39m)}[33m.[39mtop[33m-[39m[35m32[39m{top[33m:[39mcalc([36mvar[39m([33m--[39mspacing) [33m*[39m [35m32[39m)}[33m.[39mright[33m-[39m[35m0[39m{right[33m:[39mcalc([36mvar[39m([33m--[39mspacing) [33m*[39m [35m0[39m)}[33m.[39mright[33m-[39m[35m1[39m{right[33m:[39mcalc([36mvar[39m([33m--[39mspacing) [33m*[39m [35m1[39m)}[33m.[39mbottom[33m-[39m[35m0[39m{bottom[33m:[39mcalc([36mvar[39m([33m--[39mspacing) [33m*[39m [35m0[39m)}[33m.[39mleft[33m-[39m[35m4[39m{left[33m:[39mcalc([36mvar[39m([33m--[39mspacing) [33m*[39m [35m4[39m)}[33m.[39misolate{isolation[33m:[39misolate}[33m.[39misolation[33m-[39mauto{isolation[33m:[39mauto}[33m.[39mz[33m-[39m[35m0[39m{z[33m-[39mindex[33m:[39m[35m0[39m}[33m.[39mz[33m-[39m[35m10[39m{z[33m-[39mindex[33m:[39m[35m10[39m}[33m.[39mz[33m-[39m[35m20[39m{z[33m-[39mindex[33m:[39m[35m20[39m}[33m.[39mz[33m-[39m[35m30[39m{z[33m-[39mindex[33m:[39m[35m30[39m}[33m.[39mz[33m-[39m[35m40[39m{z[33m-[39mindex[33m:[39m[35m40[39m}[33m.[39mz[33m-[39m[35m50[39m{z[33m-[39mindex[33m:[39m[35m50[39m}[33m.[39mcontainer{width[33m:[39m[35m100[39m[33m%[39m}[33m@[39mmedia (min[33m-[39mwidth[33m:[39m[35m40[39mrem){[33m.[39mcontainer{max[33m-[39mwidth[33m:[39m[35m40[39mrem}}[33m@[39mmedia (min[33m-[39mwidth[33m:[39m[35m48[39mrem){[33m.[39mcontainer{max[33m-[39mwidth[33m:[39m[35m48[39mrem}}[33m@[39mmedia (min[33m-[39mwidth[33m:[39m[35m64[39mrem){[33m.[39mcontainer{max[33m-[39mwidth[33m:[39m[35m64[39mrem}}[33m@[39mmedia (min[33m-[39mwidth[33m:[39m[35m80[39mrem){[33m.[39mcontainer{max[33m-[39mwidth[33m:[39m[35m80[39mrem}}[33m@[39mmedia (min[33m-[39mwidth[33m:[39m[35m96[39mrem){[33m.[39mcontainer{max[33m-[39mwidth[33m:[39m[35m96[39mrem}}[33m.[39mcontainer[37m[41m[1m\[22m[49m[39m[33m![39m{width[33m:[39m[35m100[39m[33m%[39m[33m![39mimportant}[33m@[39mmedia (min[33m-[39mwidth[33m:[39m[35m40[39mrem){[33m.[39mcontainer[37m[41m[1m\[22m[49m[39m[33m![39m{max[33m-[39mwidth[33m:[39m[35m40[39mrem[33m![39mimportant}}[33m@[39mmedia (min[33m-[39mwidth[33m:[39m[35m48[39mrem){[33m.[39mcontainer[37m[41m[1m\[22m[49m[39m[33m![39m{max[33m-[39mwidth[33m:[39m[35m48[39mrem[33m![39mimportant}}[33m@[39mmedia (min[33m-[39mwidth[33m:[39m[35m64[39mrem){[33m.[39mcontainer[37m[41m[1m\[22m[49m[39m[33m![39m{max[33m-[39mwidth[33m:[39m[35m64[39mrem[33m![39mimportant}}[33m@[39mmedia (min[33m-[39mwidth[33m:[39m[35m80[39mrem){[33m.[39mcontainer[37m[41m[1m\[22m[49m[39m[33m![39m{max[33m-[39mwidth[33m:[39m[35m80[39mrem[33m![39mimportant}}[33m@[39mmedia (min[33m-[39mwidth[33m:[39m[35m96[39mrem){[33m.[39mcontainer[37m[41m[1m\[22m[49m[39m[33m![39m{max[33m-[39mwidth[33m:[39m[35m96[39mrem[33m![39mimportant}}[33m.[39m[33m-[39mmx[33m-[39m[35m3[39m{margin[33m-[39minline[33m:[39mcalc([36mvar[39m([33m--[39mspacing) [33m*[39m [33m-[39m[35m3[39m)}[33m.[39mmx[33m-[39mauto{margin[33m-[39minline[33m:[39mauto}[33m.[39mmy[33m-[39m[35m12[39m{margin[33m-[39mblock[33m:[39mcalc([36mvar[39m([33m--[39mspacing) [33m*[39m [35m12[39m)}[33m.[39mmy[33m-[39m[35m16[39m{margin[33m-[39mblock[33m:[39mcalc([36mvar[39m([33m--[39mspacing) [33m*[39m [35m16[39m)}[33m.[39mmt[33m-[39m[35m1[39m{margin[33m-[39mtop[33m:[39mcalc([36mvar[39m([33m--[39mspacing) [33m*[39m [35m1[39m)}[33m.[39mmt[33m-[39m[35m2[39m{margin[33m-[39mtop[33m:[39mcalc([36mvar[39m([33m--[39mspacing) [33m*[39m [35m2[39m)}[33m.[39mmt[33m-[39m[35m4[39m{margin[33m-[39mtop[33m:[39mcalc([36mvar[39m([33m--[39mspacing) [33m*[39m [35m4[39m)}[33m.[39mmt[33m-[39m[35m6[39m{margin[33m-[39mtop[33m:[39mcalc([36mvar[39m([33m--[39mspacing) [33m*[39m [35m6[39m)}[33m.[39mmt[33m-[39m[35m8[39m{margin[33m-[39mtop[33m:[39mcalc([36mvar[39m([33m--[39mspacing) [33m*[39m [35m8[39m)}[33m.[39mmt[33m-[39m[35m10[39m{margin[33m-[39mtop[33m:[39mcalc([36mvar[39m([33m--[39mspacing) [33m*[39m [35m10[39m)}[33m.[39mmt[33m-[39m[35m12[39m{margin[33m-[39mtop[33m:[39mcalc([36mvar[39m([33m--[39mspacing) [33m*[39m [35m12[39m)}[33m.[39mmt[33m-[39m[35m16[39m{margin[33m-[39mtop[33m:[39mcalc([36mvar[39m([33m--[39mspacing) [33m*[39m [35m16[39m)}[33m.[39mmt[33m-[39m[35m20[39m{margin[33m-[39mtop[33m:[39mcalc([36mvar[39m([33m--[39mspacing) [33m*[39m [35m20[39m)}[33m.[39mmt[33m-[39m[35m24[39m{margin[33m-[39mtop[33m:[39mcalc([36mvar[39m([33m--[39mspacing) [33m*[39m [35m24[39m)}[33m.[39mmt[33m-[39mauto{margin[33m-[39mtop[33m:[39mauto}[33m.[39mmb[33m-[39m[35m1[39m{margin[33m-[39mbottom[33m:[39mcalc([36mvar[39m([33m--[39mspacing) [33m*[39m [35m1[39m)}[33m.[39mmb[33m-[39m[35m2[39m{margin[33m-[39mbottom[33m:[39mcalc([36mvar[39m([33m--[39mspacing) [33m*[39m [35m2[39m)}[33m.[39mmb[33m-[39m[35m3[39m{margin[33m-[39mbottom[33m:[39mcalc([36mvar[39m([33m--[39mspacing) [33m*[39m [35m3[39m)}[33m.[39mmb[33m-[39m[35m4[39m{margin[33m-[39mbottom[33m:[39mcalc([36mvar[39m([33m--[39mspacing) [33m*[39m [35m4[39m)}[33m.[39mmb[33m-[39m[35m6[39m{margin[33m-[39mbottom[33m:[39mcalc([36mvar[39m([33m--[39mspacing) [33m*[39m [35m6[39m)}[33m.[39mmb[33m-[39m[35m8[39m{margin[33m-[39mbottom[33m:[39mcalc([36mvar[39m([33m--[39mspacing) [33m*[39m [35m8[39m)}[33m.[39mmb[33m-[39m[35m10[39m{margin[33m-[39mbottom[33m:[39mcalc([36mvar[39m([33m--[39mspacing) [33m*[39m [35m10[39m)}[33m.[39mmb[33m-[39m[35m12[39m{margin[33m-[39mbottom[33m:[39mcalc([36mvar[39m([33m--[39mspacing) [33m*[39m [35m12[39m)}[33m.[39mml[33m-[39m[35m0[39m[37m[41m[1m\[22m[49m[39m[35m.5[39m{margin[33m-[39mleft[33m:[39mcalc([36mvar[39m([33m--[39mspacing) [33m*[39m [35m.5[39m)}[33m.[39mml[33m-[39m[35m1[39m{margin[33m-[39mleft[33m:[39mcalc([36mvar[39m([33m--[39mspacing) [33m*[39m [35m1[39m)}[33m.[39mline[33m-[39mclamp[33m-[39m[35m2[39m{[33m-[39mwebkit[33m-[39mline[33m-[39mclamp[33m:[39m[35m2[39m[33m;[39m[33m-[39mwebkit[33m-[39mbox[33m-[39morient[33m:[39mvertical[33m;[39mdisplay[33m:[39m[33m-[39mwebkit[33m-[39mbox[33m;[39moverflow[33m:[39mhidden}[33m.[39mline[33m-[39mclamp[33m-[39m[35m3[39m{[33m-[39mwebkit[33m-[39mline[33m-[39mclamp[33m:[39m[35m3[39m[33m;[39m[33m-[39mwebkit[33m-[39mbox[33m-[39morient[33m:[39mvertical[33m;[39mdisplay[33m:[39m[33m-[39mwebkit[33m-[39mbox[33m;[39moverflow[33m:[39mhidden}[33m.[39mblock{display[33m:[39mblock}[33m.[39mcontents{display[33m:[39mcontents}[33m.[39mflex{display[33m:[39mflex}[33m.[39mflow[33m-[39mroot{display[33m:[39mflow[33m-[39mroot}[33m.[39mgrid{display[33m:[39mgrid}[33m.[39mhidden{display[33m:[39mnone}[33m.[39mhidden[37m[41m[1m\[22m[49m[39m[33m![39m{display[33m:[39mnone[33m![39mimportant}[33m.[39minline{display[33m:[39minline}[33m.[39minline[33m-[39mblock{display[33m:[39minline[33m-[39mblock}[33m.[39minline[33m-[39mflex{display[33m:[39minline[33m-[39mflex}[33m.[39minline[33m-[39mgrid{display[33m:[39minline[33m-[39mgrid}[33m.[39minline[33m-[39mtable{display[33m:[39minline[33m-[39mtable}[33m.[39mlist[33m-[39mitem{display[33m:[39mlist[33m-[39mitem}[33m.[39mtable{display[33m:[39mtable}[33m.[39mtable[33m-[39mcaption{display[33m:[39mtable[33m-[39mcaption}[33m.[39mtable[33m-[39mcell{display[33m:[39mtable[33m-[39mcell}[33m.[39mtable[33m-[39mcolumn{display[33m:[39mtable[33m-[39mcolumn}[33m.[39mtable[33m-[39mcolumn[33m-[39mgroup{display[33m:[39mtable[33m-[39mcolumn[33m-[39mgroup}[33m.[39mtable[33m-[39mfooter[33m-[39mgroup{display[33m:[39mtable[33m-[39mfooter[33m-[39mgroup}[33m.[39mtable[33m-[39mheader[33m-[39mgroup{display[33m:[39mtable[33m-[39mheader[33m-[39mgroup}[33m.[39mtable[33m-[39mrow{display[33m:[39mtable[33m-[39mrow}[33m.[39mtable[33m-[39mrow[33m-[39mgroup{display[33m:[39mtable[33m-[39mrow[33m-[39mgroup}[33m.[39maspect[33m-[39m[37m[41m[1m\[22m[49m[39m[[35m4[39m[37m[41m[1m\[22m[49m[39m[33m/[39m[35m3[39m[37m[41m[1m\[22m[49m[39m]{aspect[33m-[39mratio[33m:[39m[35m4[39m[33m/[39m[35m3[39m}[33m.[39maspect[33m-[39m[37m[41m[1m\[22m[49m[39m[[35m4[39m[37m[41m[1m\[22m[49m[39m[33m/[39m[35m5[39m[37m[41m[1m\[22m[49m[39m]{aspect[33m-[39mratio[33m:[39m[35m4[39m[33m/[39m[35m5[39m}[33m.[39maspect[33m-[39m[37m[41m[1m\[22m[49m[39m[[35m16[39m[37m[41m[1m\[22m[49m[39m[33m/[39m[35m10[39m[37m[41m[1m\[22m[49m[39m]{aspect[33m-[39mratio[33m:[39m[35m16[39m[33m/[39m[35m10[39m}[33m.[39maspect[33m-[39msquare{aspect[33m-[39mratio[33m:[39m[35m1[39m}[33m.[39maspect[33m-[39mvideo{aspect[33m-[39mratio[33m:[39m[36mvar[39m([33m--[39maspect[33m-[39mvideo)}[33m.[39msize[33m-[39m[35m1[39m{width[33m:[39mcalc([36mvar[39m([33m--[39mspacing) [33m*[39m [35m1[39m)[33m;[39mheight[33m:[39mcalc([36mvar[39m([33m--[39mspacing) [33m*[39m [35m1[39m)}[33m.[39mh[33m-[39m[35m1[39m{height[33m:[39mcalc([36mvar[39m([33m--[39mspacing) [33m*[39m [35m1[39m)}[33m.[39mh[33m-[39m[35m3[39m{height[33m:[39mcalc([36mvar[39m([33m--[39mspacing) [33m*[39m [35m3[39m)}[33m.[39mh[33m-[39m[35m3[39m[37m[41m[1m\[22m[49m[39m[35m.5[39m{height[33m:[39mcalc([36mvar[39m([33m--[39mspacing) [33m*[39m [35m3.5[39m)}[33m.[39mh[33m-[39m[35m4[39m{height[33m:[39mcalc([36mvar[39m([33m--[39mspacing) [33m*[39m [35m4[39m)}[33m.[39mh[33m-[39m[35m5[39m{height[33m:[39mcalc([36mvar[39m([33m--[39mspacing) [33m*[39m [35m5[39m)}[33m.[39mh[33m-[39m[35m6[39m{height[33m:[39mcalc([36mvar[39m([33m--[39mspacing) [33m*[39m [35m6[39m)}[33m.[39mh[33m-[39m[35m8[39m{height[33m:[39mcalc([36mvar[39m([33m--[39mspacing) [33m*[39m [35m8[39m)}[33m.[39mh[33m-[39m[35m10[39m{height[33m:[39mcalc([36mvar[39m([33m--[39mspacing) [33m*[39m [35m10[39m)}[33m.[39mh[33m-[39m[35m12[39m{height[33m:[39mcalc([36mvar[39m([33m--[39mspacing) [33m*[39m [35m12[39m)}[33m.[39mh[33m-[39m[35m20[39m{height[33m:[39mcalc([36mvar[39m([33m--[39mspacing) [33m*[39m [35m20[39m)}[33m.[39mh[33m-[39m[35m24[39m{height[33m:[39mcalc([36mvar[39m([33m--[39mspacing) [33m*[39m [35m24[39m)}[33m.[39mh[33m-[39m[35m32[39m{height[33m:[39mcalc([36mvar[39m([33m--[39mspacing) [33m*[39m [35m32[39m)}[33m.[39mh[33m-[39m[35m64[39m{height[33m:[39mcalc([36mvar[39m([33m--[39mspacing) [33m*[39m [35m64[39m)}[33m.[39mh[33m-[39m[37m[41m[1m\[22m[49m[39m[[35m4[39m[37m[41m[1m\[22m[49m[39m[35m.5[39mrem[37m[41m[1m\[22m[49m[39m]{height[33m:[39m[35m4.5[39mrem}[33m.[39mh[33m-[39m[37m[41m[1m\[22m[49m[39m[[35m340[39mpx[37m[41m[1m\[22m[49m[39m]{height[33m:[39m[35m340[39mpx}[33m.[39mh[33m-[39mfull{height[33m:[39m[35m100[39m[33m%[39m}[33m.[39mmax[33m-[39mh[33m-[39m[37m[41m[1m\[22m[49m[39m[calc[37m[41m[1m\[22m[49m[39m([35m100[39mvh[33m-[39m[35m6[39mrem[37m[41m[1m\[22m[49m[39m)[37m[41m[1m\[22m[49m[39m]{max[33m-[39mheight[33m:[39mcalc([35m100[39mvh [33m-[39m [35m6[39mrem)}[33m.[39mmin[33m-[39mh[33m-[39m[37m[41m[1m\[22m[49m[39m[[35m60[39mvh[37m[41m[1m\[22m[49m[39m]{min[33m-[39mheight[33m:[39m[35m60[39mvh}[33m.[39mmin[33m-[39mh[33m-[39m[37m[41m[1m\[22m[49m[39m[[35m120[39mpx[37m[41m[1m\[22m[49m[39m]{min[33m-[39mheight[33m:[39m[35m120[39mpx}[33m.[39mmin[33m-[39mh[33m-[39mscreen{min[33m-[39mheight[33m:[39m[35m100[39mvh}[33m.[39mw[33m-[39m[35m1[39m{width[33m:[39mcalc([36mvar[39m([33m--[39mspacing) [33m*[39m [35m1[39m)}[33m.[39mw[33m-[39m[35m3[39m{width[33m:[39mcalc([36mvar[39m([33m--[39mspacing) [33m*[39m [35m3[39m)}[33m.[39mw[33m-[39m[35m3[39m[37m[41m[1m\[22m[49m[39m[35m.5[39m{width[33m:[39mcalc([36mvar[39m([33m--[39mspacing) [33m*[39m [35m3.5[39m)}[33m.[39mw[33m-[39m[35m4[39m{width[33m:[39mcalc([36mvar[39m([33m--[39mspacing) [33m*[39m [35m4[39m)}[33m.[39mw[33m-[39m[35m5[39m{width[33m:[39mcalc([36mvar[39m([33m--[39mspacing) [33m*[39m [35m5[39m)}[33m.[39mw[33m-[39m[35m6[39m{width[33m:[39mcalc([36mvar[39m([33m--[39mspacing) [33m*[39m [35m6[39m)}[33m.[39mw[33m-[39m[35m8[39m{width[33m:[39mcalc([36mvar[39m([33m--[39mspacing) [33m*[39m [35m8[39m)}[33m.[39mw[33m-[39m[35m10[39m{width[33m:[39mcalc([36mvar[39m([33m--[39mspacing) [33m*[39m [35m10[39m)}[33m.[39mw[33m-[39m[35m12[39m{width[33m:[39mcalc([36mvar[39m([33m--[39mspacing) [33m*[39m [35m12[39m)}[33m.[39mw[33m-[39m[35m24[39m{width[33m:[39mcalc([36mvar[39m([33m--[39mspacing) [33m*[39m [35m24[39m)}[33m.[39mw[33m-[39m[35m32[39m{width[33m:[39mcalc([36mvar[39m([33m--[39mspacing) [33m*[39m [35m32[39m)}[33m.[39mw[33m-[39m[35m64[39m{width[33m:[39mcalc([36mvar[39m([33m--[39mspacing) [33m*[39m [35m64[39m)}[33m.[39mw[33m-[39m[37m[41m[1m\[22m[49m[39m[[35m4[39m[37m[41m[1m\[22m[49m[39m[35m.5[39mrem[37m[41m[1m\[22m[49m[39m]{width[33m:[39m[35m4.5[39mrem}[33m.[39mw[33m-[39mauto{width[33m:[39mauto}[33m.[39mw[33m-[39mfull{width[33m:[39m[35m100[39m[33m%[39m}[33m.[39mw[33m-[39mpx{width[33m:[39m[35m1[39mpx}[33m.[39mmax[33m-[39mw[33m-[39m[35m2[39mxl{max[33m-[39mwidth[33m:[39m[36mvar[39m([33m--[39mcontainer[33m-[39m[35m2[39mxl)}[33m.[39mmax[33m-[39mw[33m-[39m[35m3[39mxl{max[33m-[39mwidth[33m:[39m[36mvar[39m([33m--[39mcontainer[33m-[39m[35m3[39mxl)}[33m.[39mmax[33m-[39mw[33m-[39m[35m5[39mxl{max[33m-[39mwidth[33m:[39m[36mvar[39m([33m--[39mcontainer[33m-[39m[35m5[39mxl)}[33m.[39mmax[33m-[39mw[33m-[39m[35m7[39mxl{max[33m-[39mwidth[33m:[39m[36mvar[39m([33m--[39mcontainer[33m-[39m[35m7[39mxl)}[33m.[39mmax[33m-[39mw[33m-[39m[37m[41m[1m\[22m[49m[39m[[35m240[39mpx[37m[41m[1m\[22m[49m[39m]{max[33m-[39mwidth[33m:[39m[35m240[39mpx}[33m.[39mmax[33m-[39mw[33m-[39m[37m[41m[1m\[22m[49m[39m[[35m520[39mpx[37m[41m[1m\[22m[49m[39m]{max[33m-[39mwidth[33m:[39m[35m520[39mpx}[33m.[39mmax[33m-[39mw[33m-[39mmd{max[33m-[39mwidth[33m:[39m[36mvar[39m([33m--[39mcontainer[33m-[39mmd)}[33m.[39mmax[33m-[39mw[33m-[39mxl{max[33m-[39mwidth[33m:[39m[36mvar[39m([33m--[39mcontainer[33m-[39mxl)}[33m.[39mflex[33m-[39m[35m1[39m{flex[33m:[39m[35m1[39m}[33m.[39mflex[33m-[39mnone{flex[33m:[39mnone}[33m.[39mflex[33m-[39mshrink[33m-[39m[35m0[39m{flex[33m-[39mshrink[33m:[39m[35m0[39m}[33m.[39mshrink{flex[33m-[39mshrink[33m:[39m[35m1[39m}[33m.[39mshrink[33m-[39m[35m0[39m{flex[33m-[39mshrink[33m:[39m[35m0[39m}[33m.[39mflex[33m-[39mgrow[33m,[39m[33m.[39mgrow{flex[33m-[39mgrow[33m:[39m[35m1[39m}[33m.[39mborder[33m-[39mcollapse{border[33m-[39mcollapse[33m:[39mcollapse}[33m.[39mtranslate[33m-[39mx[33m-[39m[35m1[39m[37m[41m[1m\[22m[49m[39m[33m/[39m[35m4[39m{[33m--[39mtw[33m-[39mtranslate[33m-[39mx[33m:[39mcalc([35m1[39m [33m/[39m [35m4[39m [33m*[39m [35m100[39m[33m%[39m)[33m;[39mtranslate[33m:[39m[36mvar[39m([33m--[39mtw[33m-[39mtranslate[33m-[39mx) [36mvar[39m([33m--[39mtw[33m-[39mtranslate[33m-[39my)}[33m.[39m[33m-[39mtranslate[33m-[39my[33m-[39m[35m1[39m[37m[41m[1m\[22m[49m[39m[33m/[39m[35m2[39m{[33m--[39mtw[33m-[39mtranslate[33m-[39my[33m:[39mcalc(calc([35m1[39m [33m/[39m [35m2[39m [33m*[39m [35m100[39m[33m%[39m) [33m*[39m [33m-[39m[35m1[39m)[33m;[39mtranslate[33m:[39m[36mvar[39m([33m--[39mtw[33m-[39mtranslate[33m-[39mx) [36mvar[39m([33m--[39mtw[33m-[39mtranslate[33m-[39my)}[33m.[39m[33m-[39mtranslate[33m-[39my[33m-[39m[35m2[39m{[33m--[39mtw[33m-[39mtranslate[33m-[39my[33m:[39mcalc([36mvar[39m([33m--[39mspacing) [33m*[39m [33m-[39m[35m2[39m)[33m;[39mtranslate[33m:[39m[36mvar[39m([33m--[39mtw[33m-[39mtranslate[33m-[39mx) [36mvar[39m([33m--[39mtw[33m-[39mtranslate[33m-[39my)}[33m.[39mtranslate[33m-[39my[33m-[39m[35m0[39m{[33m--[39mtw[33m-[39mtranslate[33m-[39my[33m:[39mcalc([36mvar[39m([33m--[39mspacing) [33m*[39m [35m0[39m)[33m;[39mtranslate[33m:[39m[36mvar[39m([33m--[39mtw[33m-[39mtranslate[33m-[39mx) [36mvar[39m([33m--[39mtw[33m-[39mtranslate[33m-[39my)}[33m.[39mtransform{transform[33m:[39m[36mvar[39m([33m--[39mtw[33m-[39mrotate[33m-[39mx[33m,[39m) [36mvar[39m([33m--[39mtw[33m-[39mrotate[33m-[39my[33m,[39m) [36mvar[39m([33m--[39mtw[33m-[39mrotate[33m-[39mz[33m,[39m) [36mvar[39m([33m--[39mtw[33m-[39mskew[33m-[39mx[33m,[39m) [36mvar[39m([33m--[39mtw[33m-[39mskew[33m-[39my[33m,[39m)}[33m.[39mcursor[33m-[39mpointer{cursor[33m:[39mpointer}[33m.[39mtouch[33m-[39mpinch[33m-[39mzoom{[33m--[39mtw[33m-[39mpinch[33m-[39mzoom[33m:[39mpinch[33m-[39mzoom[33m;[39mtouch[33m-[39maction[33m:[39m[36mvar[39m([33m--[39mtw[33m-[39mpan[33m-[39mx[33m,[39m) [36mvar[39m([33m--[39mtw[33m-[39mpan[33m-[39my[33m,[39m) [36mvar[39m([33m--[39mtw[33m-[39mpinch[33m-[39mzoom[33m,[39m)}[33m.[39mresize{resize[33m:[39mboth}[33m.[39mresize[37m[41m[1m\[22m[49m[39m[33m![39m{resize[33m:[39mboth[33m![39mimportant}[33m.[39mlist[33m-[39minside{list[33m-[39mstyle[33m-[39mposition[33m:[39minside}[33m.[39mlist[33m-[39mdecimal{list[33m-[39mstyle[33m-[39mtype[33m:[39mdecimal}[33m.[39mlist[33m-[39mdisc{list[33m-[39mstyle[33m-[39mtype[33m:[39mdisc}[33m.[39mgrid[33m-[39mcols[33m-[39m[35m1[39m{grid[33m-[39mtemplate[33m-[39mcolumns[33m:[39mrepeat([35m1[39m[33m,[39mminmax([35m0[39m[33m,[39m[35m1[39mfr))}[33m.[39mflex[33m-[39mcol{flex[33m-[39mdirection[33m:[39mcolumn}[33m.[39mflex[33m-[39mwrap{flex[33m-[39mwrap[33m:[39mwrap}[33m.[39mitems[33m-[39mcenter{align[33m-[39mitems[33m:[39mcenter}[33m.[39mitems[33m-[39mend{align[33m-[39mitems[33m:[39mflex[33m-[39mend}[33m.[39mitems[33m-[39mstart{align[33m-[39mitems[33m:[39mflex[33m-[39mstart}[33m.[39mjustify[33m-[39mbetween{justify[33m-[39mcontent[33m:[39mspace[33m-[39mbetween}[33m.[39mjustify[33m-[39mcenter{justify[33m-[39mcontent[33m:[39mcenter}[33m.[39mjustify[33m-[39mend{justify[33m-[39mcontent[33m:[39mflex[33m-[39mend}[33m.[39mgap[33m-[39m[35m1[39m{gap[33m:[39mcalc([36mvar[39m([33m--[39mspacing) [33m*[39m [35m1[39m)}[33m.[39mgap[33m-[39m[35m2[39m{gap[33m:[39mcalc([36mvar[39m([33m--[39mspacing) [33m*[39m [35m2[39m)}[33m.[39mgap[33m-[39m[35m3[39m{gap[33m:[39mcalc([36mvar[39m([33m--[39mspacing) [33m*[39m [35m3[39m)}[33m.[39mgap[33m-[39m[35m4[39m{gap[33m:[39mcalc([36mvar[39m([33m--[39mspacing) [33m*[39m [35m4[39m)}[33m.[39mgap[33m-[39m[35m6[39m{gap[33m:[39mcalc([36mvar[39m([33m--[39mspacing) [33m*[39m [35m6[39m)}[33m.[39mgap[33m-[39m[35m8[39m{gap[33m:[39mcalc([36mvar[39m([33m--[39mspacing) [33m*[39m [35m8[39m)}[33m.[39mgap[33m-[39m[35m10[39m{gap[33m:[39mcalc([36mvar[39m([33m--[39mspacing) [33m*[39m [35m10[39m)}[33m.[39mgap[33m-[39m[35m12[39m{gap[33m:[39mcalc([36mvar[39m([33m--[39mspacing) [33m*[39m [35m12[39m)}[33m.[39mgap[33m-[39m[35m16[39m{gap[33m:[39mcalc([36mvar[39m([33m--[39mspacing) [33m*[39m [35m16[39m)}[33m.[39mgap[33m-[39m[35m20[39m{gap[33m:[39mcalc([36mvar[39m([33m--[39mspacing) [33m*[39m [35m20[39m)}[33m:[39mwhere([33m.[39mspace[33m-[39my[33m-[39m[35m1[39m[33m>[39m[33m:[39mnot([33m:[39mlast[33m-[39mchild)){[33m--[39mtw[33m-[39mspace[33m-[39my[33m-[39mreverse[33m:[39m[35m0[39m[33m;[39mmargin[33m-[39mblock[33m-[39mstart[33m:[39mcalc(calc([36mvar[39m([33m--[39mspacing) [33m*[39m [35m1[39m) [33m*[39m [36mvar[39m([33m--[39mtw[33m-[39mspace[33m-[39my[33m-[39mreverse))[33m;[39mmargin[33m-[39mblock[33m-[39mend[33m:[39mcalc(calc([36mvar[39m([33m--[39mspacing) [33m*[39m [35m1[39m) [33m*[39m calc([35m1[39m [33m-[39m [36mvar[39m([33m--[39mtw[33m-[39mspace[33m-[39my[33m-[39mreverse)))}[33m:[39mwhere([33m.[39mspace[33m-[39my[33m-[39m[35m4[39m[33m>[39m[33m:[39mnot([33m:[39mlast[33m-[39mchild)){[33m--[39mtw[33m-[39mspace[33m-[39my[33m-[39mreverse[33m:[39m[35m0[39m[33m;[39mmargin[33m-[39mblock[33m-[39mstart[33m:[39mcalc(calc([36mvar[39m([33m--[39mspacing) [33m*[39m [35m4[39m) [33m*[39m [36mvar[39m([33m--[39mtw[33m-[39mspace[33m-[39my[33m-[39mreverse))[33m;[39mmargin[33m-[39mblock[33m-[39mend[33m:[39mcalc(calc([36mvar[39m([33m--[39mspacing) [33m*[39m [35m4[39m) [33m*[39m calc([35m1[39m [33m-[39m [36mvar[39m([33m--[39mtw[33m-[39mspace[33m-[39my[33m-[39mreverse)))}[33m:[39mwhere([33m.[39mspace[33m-[39my[33m-[39m[35m6[39m[33m>[39m[33m:[39mnot([33m:[39mlast[33m-[39mchild)){[33m--[39mtw[33m-[39mspace[33m-[39my[33m-[39mreverse[33m:[39m[35m0[39m[33m;[39mmargin[33m-[39mblock[33m-[39mstart[33m:[39mcalc(calc([36mvar[39m([33m--[39mspacing) [33m*[39m [35m6[39m) [33m*[39m [36mvar[39m([33m--[39mtw[33m-[39mspace[33m-[39my[33m-[39mreverse))[33m;[39mmargin[33m-[39mblock[33m-[39mend[33m:[39mcalc(calc([36mvar[39m([33m--[39mspacing) [33m*[39m [35m6[39m) [33m*[39m calc([35m1[39m [33m-[39m [36mvar[39m([33m--[39mtw[33m-[39mspace[33m-[39my[33m-[39mreverse)))}[33m:[39mwhere([33m.[39mspace[33m-[39my[33m-[39m[35m8[39m[33m>[39m[33m:[39mnot([33m:[39mlast[33m-[39mchild)){[33m--[39mtw[33m-[39mspace[33m-[39my[33m-[39mreverse[33m:[39m[35m0[39m[33m;[39mmargin[33m-[39mblock[33m-[39mstart[33m:[39mcalc(calc([36mvar[39m([33m--[39mspacing) [33m*[39m [35m8[39m) [33m*[39m [36mvar[39m([33m--[39mtw[33m-[39mspace[33m-[39my[33m-[39mreverse))[33m;[39mmargin[33m-[39mblock[33m-[39mend[33m:[39mcalc(calc([36mvar[39m([33m--[39mspacing) [33m*[39m [35m8[39m) [33m*[39m calc([35m1[39m [33m-[39m [36mvar[39m([33m--[39mtw[33m-[39mspace[33m-[39my[33m-[39mreverse)))}[33m:[39mwhere([33m.[39mspace[33m-[39my[33m-[39m[35m12[39m[33m>[39m[33m:[39mnot([33m:[39mlast[33m-[39mchild)){[33m--[39mtw[33m-[39mspace[33m-[39my[33m-[39mreverse[33m:[39m[35m0[39m[33m;[39mmargin[33m-[39mblock[33m-[39mstart[33m:[39mcalc(calc([36mvar[39m([33m--[39mspacing) [33m*[39m [35m12[39m) [33m*[39m [36mvar[39m([33m--[39mtw[33m-[39mspace[33m-[39my[33m-[39mreverse))[33m;[39mmargin[33m-[39mblock[33m-[39mend[33m:[39mcalc(calc([36mvar[39m([33m--[39mspacing) [33m*[39m [35m12[39m) [33m*[39m calc([35m1[39m [33m-[39m [36mvar[39m([33m--[39mtw[33m-[39mspace[33m-[39my[33m-[39mreverse)))}[33m:[39mwhere([33m.[39mspace[33m-[39my[33m-[39m[35m16[39m[33m>[39m[33m:[39mnot([33m:[39mlast[33m-[39mchild)){[33m--[39mtw[33m-[39mspace[33m-[39my[33m-[39mreverse[33m:[39m[35m0[39m[33m;[39mmargin[33m-[39mblock[33m-[39mstart[33m:[39mcalc(calc([36mvar[39m([33m--[39mspacing) [33m*[39m [35m16[39m) [33m*[39m [36mvar[39m([33m--[39mtw[33m-[39mspace[33m-[39my[33m-[39mreverse))[33m;[39mmargin[33m-[39mblock[33m-[39mend[33m:[39mcalc(calc([36mvar[39m([33m--[39mspacing) [33m*[39m [35m16[39m) [33m*[39m calc([35m1[39m [33m-[39m [36mvar[39m([33m--[39mtw[33m-[39mspace[33m-[39my[33m-[39mreverse)))}[33m:[39mwhere([33m.[39mspace[33m-[39my[33m-[39mreverse[33m>[39m[33m:[39mnot([33m:[39mlast[33m-[39mchild)){[33m--[39mtw[33m-[39mspace[33m-[39my[33m-[39mreverse[33m:[39m[35m1[39m}[33m:[39mwhere([33m.[39mspace[33m-[39mx[33m-[39mreverse[33m>[39m[33m:[39mnot([33m:[39mlast[33m-[39mchild)){[33m--[39mtw[33m-[39mspace[33m-[39mx[33m-[39mreverse[33m:[39m[35m1[39m}[33m.[39mgap[33m-[39my[33m-[39m[35m4[39m{row[33m-[39mgap[33m:[39mcalc([36mvar[39m([33m--[39mspacing) [33m*[39m [35m4[39m)}[33m:[39mwhere([33m.[39mdivide[33m-[39mx[33m>[39m[33m:[39mnot([33m:[39mlast[33m-[39mchild)){[33m--[39mtw[33m-[39mdivide[33m-[39mx[33m-[39mreverse[33m:[39m[35m0[39m[33m;[39mborder[33m-[39minline[33m-[39mstyle[33m:[39m[36mvar[39m([33m--[39mtw[33m-[39mborder[33m-[39mstyle)[33m;[39mborder[33m-[39minline[33m-[39mstart[33m-[39mwidth[33m:[39mcalc([35m1[39mpx [33m*[39m [36mvar[39m([33m--[39mtw[33m-[39mdivide[33m-[39mx[33m-[39mreverse))[33m;[39mborder[33m-[39minline[33m-[39mend[33m-[39mwidth[33m:[39mcalc([35m1[39mpx [33m*[39m calc([35m1[39m [33m-[39m [36mvar[39m([33m--[39mtw[33m-[39mdivide[33m-[39mx[33m-[39mreverse)))}[33m:[39mwhere([33m.[39mdivide[33m-[39my[33m>[39m[33m:[39mnot([33m:[39mlast[33m-[39mchild)){[33m--[39mtw[33m-[39mdivide[33m-[39my[33m-[39mreverse[33m:[39m[35m0[39m[33m;[39mborder[33m-[39mbottom[33m-[39mstyle[33m:[39m[36mvar[39m([33m--[39mtw[33m-[39mborder[33m-[39mstyle)[33m;[39mborder[33m-[39mtop[33m-[39mstyle[33m:[39m[36mvar[39m([33m--[39mtw[33m-[39mborder[33m-[39mstyle)[33m;[39mborder[33m-[39mtop[33m-[39mwidth[33m:[39mcalc([35m1[39mpx [33m*[39m [36mvar[39m([33m--[39mtw[33m-[39mdivide[33m-[39my[33m-[39mreverse))[33m;[39mborder[33m-[39mbottom[33m-[39mwidth[33m:[39mcalc([35m1[39mpx [33m*[39m calc([35m1[39m [33m-[39m [36mvar[39m([33m--[39mtw[33m-[39mdivide[33m-[39my[33m-[39mreverse)))}[33m:[39mwhere([33m.[39mdivide[33m-[39my[33m-[39mreverse[33m>[39m[33m:[39mnot([33m:[39mlast[33m-[39mchild)){[33m--[39mtw[33m-[39mdivide[33m-[39my[33m-[39mreverse[33m:[39m[35m1[39m}[33m.[39mtruncate{text[33m-[39moverflow[33m:[39mellipsis[33m;[39mwhite[33m-[39mspace[33m:[39mnowrap[33m;[39moverflow[33m:[39mhidden}[33m.[39moverflow[33m-[39mhidden{overflow[33m:[39mhidden}[33m.[39moverflow[33m-[39mx[33m-[39mauto{overflow[33m-[39mx[33m:[39mauto}[33m.[39moverflow[33m-[39my[33m-[39mauto{overflow[33m-[39my[33m:[39mauto}[33m.[39mrounded{border[33m-[39mradius[33m:[39m[35m.25[39mrem}[33m.[39mrounded[33m-[39m[35m2[39mxl{border[33m-[39mradius[33m:[39m[36mvar[39m([33m--[39mradius[33m-[39m[35m2[39mxl)}[33m.[39mrounded[33m-[39m[35m3[39mxl{border[33m-[39mradius[33m:[39m[36mvar[39m([33m--[39mradius[33m-[39m[35m3[39mxl)}[33m.[39mrounded[33m-[39m[37m[41m[1m\[22m[49m[39m[[35m2[39m[37m[41m[1m\[22m[49m[39m[35m.5[39mrem[37m[41m[1m\[22m[49m[39m]{border[33m-[39mradius[33m:[39m[35m2.5[39mrem}[33m.[39mrounded[33m-[39m[37m[41m[1m\[22m[49m[39m[[35m2[39mrem[37m[41m[1m\[22m[49m[39m]{border[33m-[39mradius[33m:[39m[35m2[39mrem}[33m.[39mrounded[33m-[39m[37m[41m[1m\[22m[49m[39m[[35m3[39mrem[37m[41m[1m\[22m[49m[39m]{border[33m-[39mradius[33m:[39m[35m3[39mrem}[33m.[39mrounded[33m-[39mfull{border[33m-[39mradius[33m:[39m[35m3.40282e38[39mpx}[33m.[39mrounded[33m-[39mlg{border[33m-[39mradius[33m:[39m[36mvar[39m([33m--[39mradius[33m-[39mlg)}[33m.[39mrounded[33m-[39mmd{border[33m-[39mradius[33m:[39m[36mvar[39m([33m--[39mradius[33m-[39mmd)}[33m.[39mrounded[33m-[39mxl{border[33m-[39mradius[33m:[39m[36mvar[39m([33m--[39mradius[33m-[39mxl)}[33m.[39mrounded[33m-[39ms{border[33m-[39mstart[33m-[39mstart[33m-[39mradius[33m:[39m[35m.25[39mrem[33m;[39mborder[33m-[39mend[33m-[39mstart[33m-[39mradius[33m:[39m[35m.25[39mrem}[33m.[39mrounded[33m-[39mss{border[33m-[39mstart[33m-[39mstart[33m-[39mradius[33m:[39m[35m.25[39mrem}[33m.[39mrounded[33m-[39me{border[33m-[39mstart[33m-[39mend[33m-[39mradius[33m:[39m[35m.25[39mrem[33m;[39mborder[33m-[39mend[33m-[39mend[33m-[39mradius[33m:[39m[35m.25[39mrem}[33m.[39mrounded[33m-[39mse{border[33m-[39mstart[33m-[39mend[33m-[39mradius[33m:[39m[35m.25[39mrem}[33m.[39mrounded[33m-[39mee{border[33m-[39mend[33m-[39mend[33m-[39mradius[33m:[39m[35m.25[39mrem}[33m.[39mrounded[33m-[39mes{border[33m-[39mend[33m-[39mstart[33m-[39mradius[33m:[39m[35m.25[39mrem}[33m.[39mrounded[33m-[39mt{border[33m-[39mtop[33m-[39mleft[33m-[39mradius[33m:[39m[35m.25[39mrem[33m;[39mborder[33m-[39mtop[33m-[39mright[33m-[39mradius[33m:[39m[35m.25[39mrem}[33m.[39mrounded[33m-[39ml{border[33m-[39mtop[33m-[39mleft[33m-[39mradius[33m:[39m[35m.25[39mrem[33m;[39mborder[33m-[39mbottom[33m-[39mleft[33m-[39mradius[33m:[39m[35m.25[39mrem}[33m.[39mrounded[33m-[39mtl{border[33m-[39mtop[33m-[39mleft[33m-[39mradius[33m:[39m[35m.25[39mrem}[33m.[39mrounded[33m-[39mr{border[33m-[39mtop[33m-[39mright[33m-[39mradius[33m:[39m[35m.25[39mrem[33m;[39mborder[33m-[39mbottom[33m-[39mright[33m-[39mradius[33m:[39m[35m.25[39mrem}[33m.[39mrounded[33m-[39mtr{border[33m-[39mtop[33m-[39mright[33m-[39mradius[33m:[39m[35m.25[39mrem}[33m.[39mrounded[33m-[39mb{border[33m-[39mbottom[33m-[39mright[33m-[39mradius[33m:[39m[35m.25[39mrem[33m;[39mborder[33m-[39mbottom[33m-[39mleft[33m-[39mradius[33m:[39m[35m.25[39mrem}[33m.[39mrounded[33m-[39mbr{border[33m-[39mbottom[33m-[39mright[33m-[39mradius[33m:[39m[35m.25[39mrem}[33m.[39mrounded[33m-[39mbl{border[33m-[39mbottom[33m-[39mleft[33m-[39mradius[33m:[39m[35m.25[39mrem}[33m.[39mborder{border[33m-[39mstyle[33m:[39m[36mvar[39m([33m--[39mtw[33m-[39mborder[33m-[39mstyle)[33m;[39mborder[33m-[39mwidth[33m:[39m[35m1[39mpx}[33m.[39mborder[33m-[39m[35m0[39m{border[33m-[39mstyle[33m:[39m[36mvar[39m([33m--[39mtw[33m-[39mborder[33m-[39mstyle)[33m;[39mborder[33m-[39mwidth[33m:[39m[35m0[39m}[33m.[39mborder[33m-[39m[35m2[39m{border[33m-[39mstyle[33m:[39m[36mvar[39m([33m--[39mtw[33m-[39mborder[33m-[39mstyle)[33m;[39mborder[33m-[39mwidth[33m:[39m[35m2[39mpx}[33m.[39mborder[33m-[39mx{border[33m-[39minline[33m-[39mstyle[33m:[39m[36mvar[39m([33m--[39mtw[33m-[39mborder[33m-[39mstyle)[33m;[39mborder[33m-[39minline[33m-[39mwidth[33m:[39m[35m1[39mpx}[33m.[39mborder[33m-[39my{border[33m-[39mblock[33m-[39mstyle[33m:[39m[36mvar[39m([33m--[39mtw[33m-[39mborder[33m-[39mstyle)[33m;[39mborder[33m-[39mblock[33m-[39mwidth[33m:[39m[35m1[39mpx}[33m.[39mborder[33m-[39ms{border[33m-[39minline[33m-[39mstart[33m-[39mstyle[33m:[39m[36mvar[39m([33m--[39mtw[33m-[39mborder[33m-[39mstyle)[33m;[39mborder[33m-[39minline[33m-[39mstart[33m-[39mwidth[33m:[39m[35m1[39mpx}[33m.[39mborder[33m-[39me{border[33m-[39minline[33m-[39mend[33m-[39mstyle[33m:[39m[36mvar[39m([33m--[39mtw[33m-[39mborder[33m-[39mstyle)[33m;[39mborder[33m-[39minline[33m-[39mend[33m-[39mwidth[33m:[39m[35m1[39mpx}[33m.[39mborder[33m-[39mt{border[33m-[39mtop[33m-[39mstyle[33m:[39m[36mvar[39m([33m--[39mtw[33m-[39mborder[33m-[39mstyle)[33m;[39mborder[33m-[39mtop[33m-[39mwidth[33m:[39m[35m1[39mpx}[33m.[39mborder[33m-[39mr{border[33m-[39mright[33m-[39mstyle[33m:[39m[36mvar[39m([33m--[39mtw[33m-[39mborder[33m-[39mstyle)[33m;[39mborder[33m-[39mright[33m-[39mwidth[33m:[39m[35m1[39mpx}[33m.[39mborder[33m-[39mb{border[33m-[39mbottom[33m-[39mstyle[33m:[39m[36mvar[39m([33m--[39mtw[33m-[39mborder[33m-[39mstyle)[33m;[39mborder[33m-[39mbottom[33m-[39mwidth[33m:[39m[35m1[39mpx}[33m.[39mborder[33m-[39mb[33m-[39m[35m2[39m{border[33m-[39mbottom[33m-[39mstyle[33m:[39m[36mvar[39m([33m--[39mtw[33m-[39mborder[33m-[39mstyle)[33m;[39mborder[33m-[39mbottom[33m-[39mwidth[33m:[39m[35m2[39mpx}[33m.[39mborder[33m-[39ml{border[33m-[39mleft[33m-[39mstyle[33m:[39m[36mvar[39m([33m--[39mtw[33m-[39mborder[33m-[39mstyle)[33m;[39mborder[33m-[39mleft[33m-[39mwidth[33m:[39m[35m1[39mpx}[33m.[39mborder[33m-[39ml[33m-[39m[35m2[39m{border[33m-[39mleft[33m-[39mstyle[33m:[39m[36mvar[39m([33m--[39mtw[33m-[39mborder[33m-[39mstyle)[33m;[39mborder[33m-[39mleft[33m-[39mwidth[33m:[39m[35m2[39mpx}[33m.[39mborder[33m-[39ml[33m-[39m[35m4[39m{border[33m-[39mleft[33m-[39mstyle[33m:[39m[36mvar[39m([33m--[39mtw[33m-[39mborder[33m-[39mstyle)[33m;[39mborder[33m-[39mleft[33m-[39mwidth[33m:[39m[35m4[39mpx}[33m.[39mborder[33m-[39mdark[33m-[39mtext[33m-[39mmuted[37m[41m[1m\[22m[49m[39m[33m/[39m[35m20[39m{border[33m-[39mcolor[33m:[39moklab([35m84.5199[39m[33m%[39m [35m.006964[39m [35m.0346584[39m[33m/[39m[35m.133333[39m)}[33m.[39mborder[33m-[39mprimary{border[33m-[39mcolor[33m:[39m[33m#[39mbc8034}[33m.[39mborder[33m-[39mprimary[37m[41m[1m\[22m[49m[39m[33m/[39m[35m20[39m{border[33m-[39mcolor[33m:[39moklab([35m64.7319[39m[33m%[39m [35m.0416823[39m [35m.109279[39m[33m/[39m[35m.2[39m)}[33m.[39mborder[33m-[39mprimary[37m[41m[1m\[22m[49m[39m[33m/[39m[35m30[39m{border[33m-[39mcolor[33m:[39moklab([35m64.7319[39m[33m%[39m [35m.0416823[39m [35m.109279[39m[33m/[39m[35m.3[39m)}[33m.[39mborder[33m-[39msecondary[33m-[39mborder{border[33m-[39mcolor[33m:[39m[33m#[39m[35m8[39mc7a6b40}[33m.[39mborder[33m-[39msecondary[33m-[39mborder[37m[41m[1m\[22m[49m[39m[33m/[39m[35m5[39m{border[33m-[39mcolor[33m:[39moklab([35m59.1859[39m[33m%[39m [35m.0148029[39m [35m.0278036[39m[33m/[39m[35m.012549[39m)}[33m.[39mborder[33m-[39msecondary[33m-[39mborder[37m[41m[1m\[22m[49m[39m[33m/[39m[35m10[39m{border[33m-[39mcolor[33m:[39moklab([35m59.1859[39m[33m%[39m [35m.0148029[39m [35m.0278036[39m[33m/[39m[35m.025098[39m)}[33m.[39mborder[33m-[39msecondary[33m-[39mborder[37m[41m[1m\[22m[49m[39m[33m/[39m[35m20[39m{border[33m-[39mcolor[33m:[39moklab([35m59.1859[39m[33m%[39m [35m.0148029[39m [35m.0278036[39m[33m/[39m[35m.0501961[39m)}[33m.[39mborder[33m-[39msecondary[33m-[39mborder[37m[41m[1m\[22m[49m[39m[33m/[39m[35m30[39m{border[33m-[39mcolor[33m:[39moklab([35m59.1859[39m[33m%[39m [35m.0148029[39m [35m.0278036[39m[33m/[39m[35m.0752941[39m)}[33m.[39mborder[33m-[39msecondary[33m-[39mborder[37m[41m[1m\[22m[49m[39m[33m/[39m[35m50[39m{border[33m-[39mcolor[33m:[39moklab([35m59.1859[39m[33m%[39m [35m.0148029[39m [35m.0278036[39m[33m/[39m[35m.12549[39m)}[33m.[39mborder[33m-[39mtransparent{border[33m-[39mcolor[33m:[39m[33m#[39m[35m0000[39m}[33m.[39mborder[33m-[39mwhite[37m[41m[1m\[22m[49m[39m[33m/[39m[35m20[39m{border[33m-[39mcolor[33m:[39m[33m#[39mfff3}[33m@[39msupports (color[33m:[39mcolor[33m-[39mmix([36min[39m lab[33m,[39m red[33m,[39m red)){[33m.[39mborder[33m-[39mwhite[37m[41m[1m\[22m[49m[39m[33m/[39m[35m20[39m{border[33m-[39mcolor[33m:[39mcolor[33m-[39mmix([36min[39m oklab[33m,[39m [36mvar[39m([33m--[39mcolor[33m-[39mwhite) [35m20[39m[33m%[39m[33m,[39m transparent)}}[33m.[39mborder[33m-[39mwhite[37m[41m[1m\[22m[49m[39m[33m/[39m[35m30[39m{border[33m-[39mcolor[33m:[39m[33m#[39mffffff4d}[33m@[39msupports (color[33m:[39mcolor[33m-[39mmix([36min[39m lab[33m,[39m red[33m,[39m red)){[33m.[39mborder[33m-[39mwhite[37m[41m[1m\[22m[49m[39m[33m/[39m[35m30[39m{border[33m-[39mcolor[33m:[39mcolor[33m-[39mmix([36min[39m oklab[33m,[39m [36mvar[39m([33m--[39mcolor[33m-[39mwhite) [35m30[39m[33m%[39m[33m,[39m transparent)}}[33m.[39mbg[33m-[39mbackground{background[33m-[39mcolor[33m:[39m[33m#[39mf5ede4}[33m.[39mbg[33m-[39mbackground[33m-[39malt{background[33m-[39mcolor[33m:[39m[33m#[39mfff}[33m.[39mbg[33m-[39mblack[37m[41m[1m\[22m[49m[39m[33m/[39m[35m40[39m{background[33m-[39mcolor[33m:[39m[33m#[39m[35m0006[39m}[33m@[39msupports (color[33m:[39mcolor[33m-[39mmix([36min[39m lab[33m,[39m red[33m,[39m red)){[33m.[39mbg[33m-[39mblack[37m[41m[1m\[22m[49m[39m[33m/[39m[35m40[39m{background[33m-[39mcolor[33m:[39mcolor[33m-[39mmix([36min[39m oklab[33m,[39m [36mvar[39m([33m--[39mcolor[33m-[39mblack) [35m40[39m[33m%[39m[33m,[39m transparent)}}[33m.[39mbg[33m-[39mdark{background[33m-[39mcolor[33m:[39m[33m#[39m[35m4[39ma4038}[33m.[39mbg[33m-[39mdark[37m[41m[1m\[22m[49m[39m[33m/[39m[35m40[39m{background[33m-[39mcolor[33m:[39moklab([35m37.9231[39m[33m%[39m [35m.00934836[39m [35m.0167599[39m[33m/[39m[35m.4[39m)}[33m.[39mbg[33m-[39mprimary{background[33m-[39mcolor[33m:[39m[33m#[39mbc8034}[33m.[39mbg[33m-[39mprimary[33m-[39mmuted{background[33m-[39mcolor[33m:[39m[33m#[39mbc803422}[33m.[39mbg[33m-[39mprimary[37m[41m[1m\[22m[49m[39m[33m/[39m[35m5[39m{background[33m-[39mcolor[33m:[39moklab([35m64.7319[39m[33m%[39m [35m.0416823[39m [35m.109279[39m[33m/[39m[35m.05[39m)}[33m.[39mbg[33m-[39mprimary[37m[41m[1m\[22m[49m[39m[33m/[39m[35m10[39m{background[33m-[39mcolor[33m:[39moklab([35m64.7319[39m[33m%[39m [35m.0416823[39m [35m.109279[39m[33m/[39m[35m.1[39m)}[33m.[39mbg[33m-[39mprimary[37m[41m[1m\[22m[49m[39m[33m/[39m[35m95[39m{background[33m-[39mcolor[33m:[39moklab([35m64.7319[39m[33m%[39m [35m.0416823[39m [35m.109279[39m[33m/[39m[35m.95[39m)}[33m.[39mbg[33m-[39msecondary[33m-[39mborder{background[33m-[39mcolor[33m:[39m[33m#[39m[35m8[39mc7a6b40}[33m.[39mbg[33m-[39msecondary[33m-[39mborder[37m[41m[1m\[22m[49m[39m[33m/[39m[35m20[39m{background[33m-[39mcolor[33m:[39moklab([35m59.1859[39m[33m%[39m [35m.0148029[39m [35m.0278036[39m[33m/[39m[35m.0501961[39m)}[33m.[39mbg[33m-[39msecondary[33m-[39mmuted{background[33m-[39mcolor[33m:[39m[33m#[39m[35m8[39mc7a6b22}[33m.[39mbg[33m-[39msurface[33m-[39mmuted{background[33m-[39mcolor[33m:[39m[33m#[39me8e4dd}[33m.[39mbg[33m-[39msurface[33m-[39mmuted[37m[41m[1m\[22m[49m[39m[33m/[39m[35m30[39m{background[33m-[39mcolor[33m:[39moklab([35m92.0048[39m[33m%[39m [35m.00147855[39m [35m.0102559[39m[33m/[39m[35m.3[39m)}[33m.[39mbg[33m-[39msurface[33m-[39mmuted[37m[41m[1m\[22m[49m[39m[33m/[39m[35m50[39m{background[33m-[39mcolor[33m:[39moklab([35m92.0048[39m[33m%[39m [35m.00147855[39m [35m.0102559[39m[33m/[39m[35m.5[39m)}[33m.[39mbg[33m-[39mwhite{background[33m-[39mcolor[33m:[39m[36mvar[39m([33m--[39mcolor[33m-[39mwhite)}[33m.[39mbg[33m-[39mwhite[37m[41m[1m\[22m[49m[39m[33m/[39m[35m10[39m{background[33m-[39mcolor[33m:[39m[33m#[39mffffff1a}[33m@[39msupports (color[33m:[39mcolor[33m-[39mmix([36min[39m lab[33m,[39m red[33m,[39m red)){[33m.[39mbg[33m-[39mwhite[37m[41m[1m\[22m[49m[39m[33m/[39m[35m10[39m{background[33m-[39mcolor[33m:[39mcolor[33m-[39mmix([36min[39m oklab[33m,[39m [36mvar[39m([33m--[39mcolor[33m-[39mwhite) [35m10[39m[33m%[39m[33m,[39m transparent)}}[33m.[39mbg[33m-[39mwhite[37m[41m[1m\[22m[49m[39m[33m/[39m[35m20[39m{background[33m-[39mcolor[33m:[39m[33m#[39mfff3}[33m@[39msupports (color[33m:[39mcolor[33m-[39mmix([36min[39m lab[33m,[39m red[33m,[39m red)){[33m.[39mbg[33m-[39mwhite[37m[41m[1m\[22m[49m[39m[33m/[39m[35m20[39m{background[33m-[39mcolor[33m:[39mcolor[33m-[39mmix([36min[39m oklab[33m,[39m [36mvar[39m([33m--[39mcolor[33m-[39mwhite) [35m20[39m[33m%[39m[33m,[39m transparent)}}[33m.[39mbg[33m-[39mwhite[37m[41m[1m\[22m[49m[39m[33m/[39m[35m50[39m{background[33m-[39mcolor[33m:[39m[33m#[39mffffff80}[33m@[39msupports (color[33m:[39mcolor[33m-[39mmix([36min[39m lab[33m,[39m red[33m,[39m red)){[33m.[39mbg[33m-[39mwhite[37m[41m[1m\[22m[49m[39m[33m/[39m[35m50[39m{background[33m-[39mcolor[33m:[39mcolor[33m-[39mmix([36min[39m oklab[33m,[39m [36mvar[39m([33m--[39mcolor[33m-[39mwhite) [35m50[39m[33m%[39m[33m,[39m transparent)}}[33m.[39mbg[33m-[39mwhite[37m[41m[1m\[22m[49m[39m[33m/[39m[35m70[39m{background[33m-[39mcolor[33m:[39m[33m#[39mffffffb3}[33m@[39msupports (color[33m:[39mcolor[33m-[39mmix([36min[39m lab[33m,[39m red[33m,[39m red)){[33m.[39mbg[33m-[39mwhite[37m[41m[1m\[22m[49m[39m[33m/[39m[35m70[39m{background[33m-[39mcolor[33m:[39mcolor[33m-[39mmix([36min[39m oklab[33m,[39m [36mvar[39m([33m--[39mcolor[33m-[39mwhite) [35m70[39m[33m%[39m[33m,[39m transparent)}}[33m.[39mbg[33m-[39mgradient[33m-[39mto[33m-[39mb{[33m--[39mtw[33m-[39mgradient[33m-[39mposition[33m:[39mto bottom [36min[39m oklab[33m;[39mbackground[33m-[39mimage[33m:[39mlinear[33m-[39mgradient([36mvar[39m([33m--[39mtw[33m-[39mgradient[33m-[39mstops))}[33m.[39mbg[33m-[39mgradient[33m-[39mto[33m-[39mbr{[33m--[39mtw[33m-[39mgradient[33m-[39mposition[33m:[39mto bottom right [36min[39m oklab[33m;[39mbackground[33m-[39mimage[33m:[39mlinear[33m-[39mgradient([36mvar[39m([33m--[39mtw[33m-[39mgradient[33m-[39mstops))}[33m.[39mbg[33m-[39mgradient[33m-[39mto[33m-[39mr{[33m--[39mtw[33m-[39mgradient[33m-[39mposition[33m:[39mto right [36min[39m oklab[33m;[39mbackground[33m-[39mimage[33m:[39mlinear[33m-[39mgradient([36mvar[39m([33m--[39mtw[33m-[39mgradient[33m-[39mstops))}[33m.[39mbg[33m-[39mgradient[33m-[39mto[33m-[39mt{[33m--[39mtw[33m-[39mgradient[33m-[39mposition[33m:[39mto top [36min[39m oklab[33m;[39mbackground[33m-[39mimage[33m:[39mlinear[33m-[39mgradient([36mvar[39m([33m--[39mtw[33m-[39mgradient[33m-[39mstops))}[33m.[39mbg[33m-[39m[37m[41m[1m\[22m[49m[39m[url[37m[41m[1m\[22m[49m[39m([37m[41m[1m\[22m[49m[39m[33m&[39m[37m[41m[1m\[22m[49m[39m[33m#[39mx27[37m[41m[1m\[22m[49m[39m[33m;[39m[37m[41m[1m\[22m[49m[39m[33m/[39mimages[37m[41m[1m\[22m[49m[39m[33m/[39mproducts[37m[41m[1m\[22m[49m[39m[33m/[39mmongra[33m-[39msaffron[33m-[39m[35m1[39m[37m[41m[1m\[22m[49m[39m[33m.[39mpng[37m[41m[1m\[22m[49m[39m[33m&[39m[37m[41m[1m\[22m[49m[39m[33m#[39mx27[37m[41m[1m\[22m[49m[39m[33m;[39m[37m[41m[1m\[22m[49m[39m)[37m[41m[1m\[22m[49m[39m]{background[33m-[39mimage[33m:[39murl([33m&[39m[33m#[39mx27[33m;[39m[33m/[39mimages[33m/[39mproducts[33m/[39mmongra[33m-[39msaffron[33m-[39m[35m1.[39mpng[33m&[39m[33m#[39mx27[33m;[39m)}[33m.[39mbg[33m-[39m[37m[41m[1m\[22m[49m[39m[url[37m[41m[1m\[22m[49m[39m([37m[41m[1m\[22m[49m[39m[32m'\/images\/products\/mongra-saffron-1\.png\'\)\]{background-image:url(/images/products/mongra-saffron-1.png)}.from-dark\/20{--tw-gradient-from:oklab(37.9231% .00934836 .0167599/.2);--tw-gradient-stops:var(--tw-gradient-via-stops,var(--tw-gradient-position), var(--tw-gradient-from) var(--tw-gradient-from-position), var(--tw-gradient-to) var(--tw-gradient-to-position))}.from-dark\/40{--tw-gradient-from:oklab(37.9231% .00934836 .0167599/.4);--tw-gradient-stops:var(--tw-gradient-via-stops,var(--tw-gradient-position), var(--tw-gradient-from) var(--tw-gradient-from-position), var(--tw-gradient-to) var(--tw-gradient-to-position))}.from-dark\/60{--tw-gradient-from:oklab(37.9231% .00934836 .0167599/.6);--tw-gradient-stops:var(--tw-gradient-via-stops,var(--tw-gradient-position), var(--tw-gradient-from) var(--tw-gradient-from-position), var(--tw-gradient-to) var(--tw-gradient-to-position))}.from-primary\/90{--tw-gradient-from:oklab(64.7319% .0416823 .109279/.9);--tw-gradient-stops:var(--tw-gradient-via-stops,var(--tw-gradient-position), var(--tw-gradient-from) var(--tw-gradient-from-position), var(--tw-gradient-to) var(--tw-gradient-to-position))}.from-transparent{--tw-gradient-from:transparent;--tw-gradient-stops:var(--tw-gradient-via-stops,var(--tw-gradient-position), var(--tw-gradient-from) var(--tw-gradient-from-position), var(--tw-gradient-to) var(--tw-gradient-to-position))}.via-primary{--tw-gradient-via:#bc8034;--tw-gradient-via-stops:var(--tw-gradient-position), var(--tw-gradient-from) var(--tw-gradient-from-position), var(--tw-gradient-via) var(--tw-gradient-via-position), var(--tw-gradient-to) var(--tw-gradient-to-position);--tw-gradient-stops:var(--tw-gradient-via-stops)}.via-transparent{--tw-gradient-via:transparent;--tw-gradient-via-stops:var(--tw-gradient-position), var(--tw-gradient-from) var(--tw-gradient-from-position), var(--tw-gradient-via) var(--tw-gradient-via-position), var(--tw-gradient-to) var(--tw-gradient-to-position);--tw-gradient-stops:var(--tw-gradient-via-stops)}.to-black\/60{--tw-gradient-to:#0009}@supports (color:color-mix(in lab, red, red)){.to-black\/60{--tw-gradient-to:color-mix(in oklab, var(--color-black) 60%, transparent)}}.to-black\/60{--tw-gradient-stops:var(--tw-gradient-via-stops,var(--tw-gradient-position), var(--tw-gradient-from) var(--tw-gradient-from-position), var(--tw-gradient-to) var(--tw-gradient-to-position))}.to-primary\/80{--tw-gradient-to:oklab(64.7319% .0416823 .109279/.8);--tw-gradient-stops:var(--tw-gradient-via-stops,var(--tw-gradient-position), var(--tw-gradient-from) var(--tw-gradient-from-position), var(--tw-gradient-to) var(--tw-gradient-to-position))}.to-transparent{--tw-gradient-to:transparent;--tw-gradient-stops:var(--tw-gradient-via-stops,var(--tw-gradient-position), var(--tw-gradient-from) var(--tw-gradient-from-position), var(--tw-gradient-to) var(--tw-gradient-to-position))}.bg-cover{background-size:cover}.bg-center{background-position:50%}.bg-repeat{background-repeat:repeat}.fill-current{fill:currentColor}.fill-primary{fill:#bc8034}.fill-secondary-border\/30{fill:oklab(59.1859% .0148029 .0278036/.0752941)}.object-contain{object-fit:contain}.object-cover{object-fit:cover}.p-0{padding:calc(var(--spacing) * 0)}.p-2{padding:calc(var(--spacing) * 2)}.p-6{padding:calc(var(--spacing) * 6)}.p-8{padding:calc(var(--spacing) * 8)}.p-12{padding:calc(var(--spacing) * 12)}.px-2{padding-inline:calc(var(--spacing) * 2)}.px-3{padding-inline:calc(var(--spacing) * 3)}.px-4{padding-inline:calc(var(--spacing) * 4)}.px-5{padding-inline:calc(var(--spacing) * 5)}.px-6{padding-inline:calc(var(--spacing) * 6)}.px-8{padding-inline:calc(var(--spacing) * 8)}.px-10{padding-inline:calc(var(--spacing) * 10)}.px-12{padding-inline:calc(var(--spacing) * 12)}.py-0\.5{padding-block:calc(var(--spacing) * .5)}.py-1{padding-block:calc(var(--spacing) * 1)}.py-2{padding-block:calc(var(--spacing) * 2)}.py-2\.5{padding-block:calc(var(--spacing) * 2.5)}.py-3{padding-block:calc(var(--spacing) * 3)}.py-3\.5{padding-block:calc(var(--spacing) * 3.5)}.py-4\.5{padding-block:calc(var(--spacing) * 4.5)}.py-5{padding-block:calc(var(--spacing) * 5)}.py-5\.5{padding-block:calc(var(--spacing) * 5.5)}.py-6{padding-block:calc(var(--spacing) * 6)}.py-10{padding-block:calc(var(--spacing) * 10)}.py-12{padding-block:calc(var(--spacing) * 12)}.py-16{padding-block:calc(var(--spacing) * 16)}.py-20{padding-block:calc(var(--spacing) * 20)}.py-24{padding-block:calc(var(--spacing) * 24)}.pt-2{padding-top:calc(var(--spacing) * 2)}.pt-6{padding-top:calc(var(--spacing) * 6)}.pt-8{padding-top:calc(var(--spacing) * 8)}.pt-12{padding-top:calc(var(--spacing) * 12)}.pt-24{padding-top:calc(var(--spacing) * 24)}.pb-2{padding-bottom:calc(var(--spacing) * 2)}.pb-4{padding-bottom:calc(var(--spacing) * 4)}.pb-8{padding-bottom:calc(var(--spacing) * 8)}.pb-16{padding-bottom:calc(var(--spacing) * 16)}.pb-20{padding-bottom:calc(var(--spacing) * 20)}.pl-4{padding-left:calc(var(--spacing) * 4)}.pl-8{padding-left:calc(var(--spacing) * 8)}.text-center{text-align:center}.text-right{text-align:right}.font-body{font-family:var(--font-figtree), system-ui, sans-serif}.font-display{font-family:var(--font-playfair), Georgia, serif}.text-2xl{font-size:var(--text-2xl);line-height:var(--tw-leading,var(--text-2xl--line-height))}.text-3xl{font-size:var(--text-3xl);line-height:var(--tw-leading,var(--text-3xl--line-height))}.text-4xl{font-size:var(--text-4xl);line-height:var(--tw-leading,var(--text-4xl--line-height))}.text-base{font-size:var(--text-base);line-height:var(--tw-leading,var(--text-base--line-height))}.text-lg{font-size:var(--text-lg);line-height:var(--tw-leading,var(--text-lg--line-height))}.text-sm{font-size:var(--text-sm);line-height:var(--tw-leading,var(--text-sm--line-height))}.text-xl{font-size:var(--text-xl);line-height:var(--tw-leading,var(--text-xl--line-height))}.text-xs{font-size:var(--text-xs);line-height:var(--tw-leading,var(--text-xs--line-height))}.text-\[9px\]{font-size:9px}.text-\[10px\]{font-size:10px}.leading-\[1\.15\]{--tw-leading:1.15;line-height:1.15}.leading-relaxed{--tw-leading:var(--leading-relaxed);line-height:var(--leading-relaxed)}.leading-snug{--tw-leading:var(--leading-snug);line-height:var(--leading-snug)}.leading-tight{--tw-leading:var(--leading-tight);line-height:var(--leading-tight)}.font-bold{--tw-font-weight:var(--font-weight-bold);font-weight:var(--font-weight-bold)}.font-medium{--tw-font-weight:var(--font-weight-medium);font-weight:var(--font-weight-medium)}.font-normal{--tw-font-weight:var(--font-weight-normal);font-weight:var(--font-weight-normal)}.font-semibold{--tw-font-weight:var(--font-weight-semibold);font-weight:var(--font-weight-semibold)}.tracking-\[0\.2em\]{--tw-tracking:.2em;letter-spacing:.2em}.tracking-tight{--tw-tracking:var(--tracking-tight);letter-spacing:var(--tracking-tight)}.tracking-tighter{--tw-tracking:var(--tracking-tighter);letter-spacing:var(--tracking-tighter)}.tracking-wider{--tw-tracking:var(--tracking-wider);letter-spacing:var(--tracking-wider)}.tracking-widest{--tw-tracking:var(--tracking-widest);letter-spacing:var(--tracking-widest)}.text-wrap{text-wrap:wrap}.text-clip{text-overflow:clip}.text-ellipsis{text-overflow:ellipsis}.text-dark{color:#4a4038}.text-dark-text{color:#d9cab3}.text-dark-text-muted{color:#d9cab3aa}.text-primary{color:#bc8034}.text-secondary{color:#8c7a6b}.text-secondary-border\/30{color:oklab(59.1859% .0148029 .0278036/.0752941)}.text-text-muted{color:#8c7a6baa}.text-text-primary{color:#2c2520}.text-text-primary\/80{color:oklab(27.0613% .00744955 .011756/.8)}.text-white{color:var(--color-white)}.text-white\/80{color:#fffc}@supports (color:color-mix(in lab, red, red)){.text-white\/80{color:color-mix(in oklab, var(--color-white) 80%, transparent)}}.text-white\/90{color:#ffffffe6}@supports (color:color-mix(in lab, red, red)){.text-white\/90{color:color-mix(in oklab, var(--color-white) 90%, transparent)}}.text-white\/95{color:#fffffff2}@supports (color:color-mix(in lab, red, red)){.text-white\/95{color:color-mix(in oklab, var(--color-white) 95%, transparent)}}.text-yellow-500{color:var(--color-yellow-500)}.capitalize{text-transform:capitalize}.lowercase{text-transform:lowercase}.normal-case{text-transform:none}.uppercase{text-transform:uppercase}.italic{font-style:italic}.not-italic{font-style:normal}.diagonal-fractions{--tw-numeric-fraction:diagonal-fractions;font-variant-numeric:var(--tw-ordinal,) var(--tw-slashed-zero,) var(--tw-numeric-figure,) var(--tw-numeric-spacing,) var(--tw-numeric-fraction,)}.lining-nums{--tw-numeric-figure:lining-nums;font-variant-numeric:var(--tw-ordinal,) var(--tw-slashed-zero,) var(--tw-numeric-figure,) var(--tw-numeric-spacing,) var(--tw-numeric-fraction,)}.oldstyle-nums{--tw-numeric-figure:oldstyle-nums;font-variant-numeric:var(--tw-ordinal,) var(--tw-slashed-zero,) var(--tw-numeric-figure,) var(--tw-numeric-spacing,) var(--tw-numeric-fraction,)}.ordinal{--tw-ordinal:ordinal;font-variant-numeric:var(--tw-ordinal,) var(--tw-slashed-zero,) var(--tw-numeric-figure,) var(--tw-numeric-spacing,) var(--tw-numeric-fraction,)}.proportional-nums{--tw-numeric-spacing:proportional-nums;font-variant-numeric:var(--tw-ordinal,) var(--tw-slashed-zero,) var(--tw-numeric-figure,) var(--tw-numeric-spacing,) var(--tw-numeric-fraction,)}.slashed-zero{--tw-slashed-zero:slashed-zero;font-variant-numeric:var(--tw-ordinal,) var(--tw-slashed-zero,) var(--tw-numeric-figure,) var(--tw-numeric-spacing,) var(--tw-numeric-fraction,)}.stacked-fractions{--tw-numeric-fraction:stacked-fractions;font-variant-numeric:var(--tw-ordinal,) var(--tw-slashed-zero,) var(--tw-numeric-figure,) var(--tw-numeric-spacing,) var(--tw-numeric-fraction,)}.tabular-nums{--tw-numeric-spacing:tabular-nums;font-variant-numeric:var(--tw-ordinal,) var(--tw-slashed-zero,) var(--tw-numeric-figure,) var(--tw-numeric-spacing,) var(--tw-numeric-fraction,)}.normal-nums{font-variant-numeric:normal}.line-through{text-decoration-line:line-through}.no-underline{text-decoration-line:none}.overline{text-decoration-line:overline}.underline{text-decoration-line:underline}.decoration-secondary-border\/30{text-decoration-color:oklab(59.1859% .0148029 .0278036/.0752941)}.decoration-transparent{text-decoration-color:#0000}.underline-offset-4{text-underline-offset:4px}.antialiased{-webkit-font-smoothing:antialiased;-moz-osx-font-smoothing:grayscale}.subpixel-antialiased{-webkit-font-smoothing:auto;-moz-osx-font-smoothing:auto}.opacity-0{opacity:0}.opacity-10{opacity:.1}.opacity-15{opacity:.15}.opacity-60{opacity:.6}.opacity-100{opacity:1}.mix-blend-overlay{mix-blend-mode:overlay}.shadow{--tw-shadow:0 1px 3px 0 var(--tw-shadow-color,#0000001a), 0 1px 2px -1px var(--tw-shadow-color,#0000001a);box-shadow:var(--tw-inset-shadow), var(--tw-inset-ring-shadow), var(--tw-ring-offset-shadow), var(--tw-ring-shadow), var(--tw-shadow)}.shadow-2xl{--tw-shadow:0 25px 50px -12px var(--tw-shadow-color,#00000040);box-shadow:var(--tw-inset-shadow), var(--tw-inset-ring-shadow), var(--tw-ring-offset-shadow), var(--tw-ring-shadow), var(--tw-shadow)}.shadow-lg{--tw-shadow:0 10px 15px -3px var(--tw-shadow-color,#0000001a), 0 4px 6px -4px var(--tw-shadow-color,#0000001a);box-shadow:var(--tw-inset-shadow), var(--tw-inset-ring-shadow), var(--tw-ring-offset-shadow), var(--tw-ring-shadow), var(--tw-shadow)}.shadow-md{--tw-shadow:0 4px 6px -1px var(--tw-shadow-color,#0000001a), 0 2px 4px -2px var(--tw-shadow-color,#0000001a);box-shadow:var(--tw-inset-shadow), var(--tw-inset-ring-shadow), var(--tw-ring-offset-shadow), var(--tw-ring-shadow), var(--tw-shadow)}.shadow-sm{--tw-shadow:0 1px 3px 0 var(--tw-shadow-color,#0000001a), 0 1px 2px -1px var(--tw-shadow-color,#0000001a);box-shadow:var(--tw-inset-shadow), var(--tw-inset-ring-shadow), var(--tw-ring-offset-shadow), var(--tw-ring-shadow), var(--tw-shadow)}.shadow-xl{--tw-shadow:0 20px 25px -5px var(--tw-shadow-color,#0000001a), 0 8px 10px -6px var(--tw-shadow-color,#0000001a);box-shadow:var(--tw-inset-shadow), var(--tw-inset-ring-shadow), var(--tw-ring-offset-shadow), var(--tw-ring-shadow), var(--tw-shadow)}.ring-1{--tw-ring-shadow:var(--tw-ring-inset,) 0 0 0 calc(1px + var(--tw-ring-offset-width)) var(--tw-ring-color,currentcolor);box-shadow:var(--tw-inset-shadow), var(--tw-inset-ring-shadow), var(--tw-ring-offset-shadow), var(--tw-ring-shadow), var(--tw-shadow)}.ring-2{--tw-ring-shadow:var(--tw-ring-inset,) 0 0 0 calc(2px + var(--tw-ring-offset-width)) var(--tw-ring-color,currentcolor);box-shadow:var(--tw-inset-shadow), var(--tw-inset-ring-shadow), var(--tw-ring-offset-shadow), var(--tw-ring-shadow), var(--tw-shadow)}.ring-4{--tw-ring-shadow:var(--tw-ring-inset,) 0 0 0 calc(4px + var(--tw-ring-offset-width)) var(--tw-ring-color,currentcolor);box-shadow:var(--tw-inset-shadow), var(--tw-inset-ring-shadow), var(--tw-ring-offset-shadow), var(--tw-ring-shadow), var(--tw-shadow)}.shadow-dark\/5{--tw-shadow-color:#4a40380d}@supports (color:color-mix(in lab, red, red)){.shadow-dark\/5{--tw-shadow-color:color-mix(in oklab, oklab(37.9231% .00934836 .0167599/.05) var(--tw-shadow-alpha), transparent)}}.shadow-primary\/10{--tw-shadow-color:#bc80341a}@supports (color:color-mix(in lab, red, red)){.shadow-primary\/10{--tw-shadow-color:color-mix(in oklab, oklab(64.7319% .0416823 .109279/.1) var(--tw-shadow-alpha), transparent)}}.shadow-primary\/20{--tw-shadow-color:#bc803433}@supports (color:color-mix(in lab, red, red)){.shadow-primary\/20{--tw-shadow-color:color-mix(in oklab, oklab(64.7319% .0416823 .109279/.2) var(--tw-shadow-alpha), transparent)}}.shadow-primary\/25{--tw-shadow-color:#bc803440}@supports (color:color-mix(in lab, red, red)){.shadow-primary\/25{--tw-shadow-color:color-mix(in oklab, oklab(64.7319% .0416823 .109279/.25) var(--tw-shadow-alpha), transparent)}}.ring-background-alt{--tw-ring-color:#fff}.ring-dark\/5{--tw-ring-color:oklab(37.9231% .00934836 .0167599/.05)}.ring-primary\/10{--tw-ring-color:oklab(64.7319% .0416823 .109279/.1)}.ring-secondary-border\/10{--tw-ring-color:oklab(59.1859% .0148029 .0278036/.025098)}.ring-white{--tw-ring-color:var(--color-white)}.outline{outline-style:var(--tw-outline-style);outline-width:1px}.blur{--tw-blur:blur(8px);filter:var(--tw-blur,) var(--tw-brightness,) var(--tw-contrast,) var(--tw-grayscale,) var(--tw-hue-rotate,) var(--tw-invert,) var(--tw-saturate,) var(--tw-sepia,) var(--tw-drop-shadow,)}.brightness-0{--tw-brightness:brightness(0%);filter:var(--tw-blur,) var(--tw-brightness,) var(--tw-contrast,) var(--tw-grayscale,) var(--tw-hue-rotate,) var(--tw-invert,) var(--tw-saturate,) var(--tw-sepia,) var(--tw-drop-shadow,)}.drop-shadow{--tw-drop-shadow-size:drop-shadow(0 1px 2px var(--tw-drop-shadow-color,#0000001a)) drop-shadow(0 1px 1px var(--tw-drop-shadow-color,#0000000f));--tw-drop-shadow:drop-shadow(0 1px 2px #0000001a) drop-shadow(0 1px 1px #0000000f);filter:var(--tw-blur,) var(--tw-brightness,) var(--tw-contrast,) var(--tw-grayscale,) var(--tw-hue-rotate,) var(--tw-invert,) var(--tw-saturate,) var(--tw-sepia,) var(--tw-drop-shadow,)}.drop-shadow-2xl{--tw-drop-shadow-size:drop-shadow(0 25px 25px var(--tw-drop-shadow-color,#00000026));--tw-drop-shadow:drop-shadow(var(--drop-shadow-2xl));filter:var(--tw-blur,) var(--tw-brightness,) var(--tw-contrast,) var(--tw-grayscale,) var(--tw-hue-rotate,) var(--tw-invert,) var(--tw-saturate,) var(--tw-sepia,) var(--tw-drop-shadow,)}.drop-shadow-lg{--tw-drop-shadow-size:drop-shadow(0 4px 4px var(--tw-drop-shadow-color,#00000026));--tw-drop-shadow:drop-shadow(var(--drop-shadow-lg));filter:var(--tw-blur,) var(--tw-brightness,) var(--tw-contrast,) var(--tw-grayscale,) var(--tw-hue-rotate,) var(--tw-invert,) var(--tw-saturate,) var(--tw-sepia,) var(--tw-drop-shadow,)}.grayscale{--tw-grayscale:grayscale(100%);filter:var(--tw-blur,) var(--tw-brightness,) var(--tw-contrast,) var(--tw-grayscale,) var(--tw-hue-rotate,) var(--tw-invert,) var(--tw-saturate,) var(--tw-sepia,) var(--tw-drop-shadow,)}.invert{--tw-invert:invert(100%);filter:var(--tw-blur,) var(--tw-brightness,) var(--tw-contrast,) var(--tw-grayscale,) var(--tw-hue-rotate,) var(--tw-invert,) var(--tw-saturate,) var(--tw-sepia,) var(--tw-drop-shadow,)}.sepia{--tw-sepia:sepia(100%);filter:var(--tw-blur,) var(--tw-brightness,) var(--tw-contrast,) var(--tw-grayscale,) var(--tw-hue-rotate,) var(--tw-invert,) var(--tw-saturate,) var(--tw-sepia,) var(--tw-drop-shadow,)}.filter{filter:var(--tw-blur,) var(--tw-brightness,) var(--tw-contrast,) var(--tw-grayscale,) var(--tw-hue-rotate,) var(--tw-invert,) var(--tw-saturate,) var(--tw-sepia,) var(--tw-drop-shadow,)}.filter\!{filter:var(--tw-blur,) var(--tw-brightness,) var(--tw-contrast,) var(--tw-grayscale,) var(--tw-hue-rotate,) var(--tw-invert,) var(--tw-saturate,) var(--tw-sepia,) var(--tw-drop-shadow,)!important}.backdrop-blur{--tw-backdrop-blur:blur(8px);-webkit-backdrop-filter:var(--tw-backdrop-blur,) var(--tw-backdrop-brightness,) var(--tw-backdrop-contrast,) var(--tw-backdrop-grayscale,) var(--tw-backdrop-hue-rotate,) var(--tw-backdrop-invert,) var(--tw-backdrop-opacity,) var(--tw-backdrop-saturate,) var(--tw-backdrop-sepia,);backdrop-filter:var(--tw-backdrop-blur,) var(--tw-backdrop-brightness,) var(--tw-backdrop-contrast,) var(--tw-backdrop-grayscale,) var(--tw-backdrop-hue-rotate,) var(--tw-backdrop-invert,) var(--tw-backdrop-opacity,) var(--tw-backdrop-saturate,) var(--tw-backdrop-sepia,)}.backdrop-blur-md{--tw-backdrop-blur:blur(var(--blur-md));-webkit-backdrop-filter:var(--tw-backdrop-blur,) var(--tw-backdrop-brightness,) var(--tw-backdrop-contrast,) var(--tw-backdrop-grayscale,) var(--tw-backdrop-hue-rotate,) var(--tw-backdrop-invert,) var(--tw-backdrop-opacity,) var(--tw-backdrop-saturate,) var(--tw-backdrop-sepia,);backdrop-filter:var(--tw-backdrop-blur,) var(--tw-backdrop-brightness,) var(--tw-backdrop-contrast,) var(--tw-backdrop-grayscale,) var(--tw-backdrop-hue-rotate,) var(--tw-backdrop-invert,) var(--tw-backdrop-opacity,) var(--tw-backdrop-saturate,) var(--tw-backdrop-sepia,)}.backdrop-blur-sm{--tw-backdrop-blur:blur(var(--blur-sm));-webkit-backdrop-filter:var(--tw-backdrop-blur,) var(--tw-backdrop-brightness,) var(--tw-backdrop-contrast,) var(--tw-backdrop-grayscale,) var(--tw-backdrop-hue-rotate,) var(--tw-backdrop-invert,) var(--tw-backdrop-opacity,) var(--tw-backdrop-saturate,) var(--tw-backdrop-sepia,);backdrop-filter:var(--tw-backdrop-blur,) var(--tw-backdrop-brightness,) var(--tw-backdrop-contrast,) var(--tw-backdrop-grayscale,) var(--tw-backdrop-hue-rotate,) var(--tw-backdrop-invert,) var(--tw-backdrop-opacity,) var(--tw-backdrop-saturate,) var(--tw-backdrop-sepia,)}.backdrop-grayscale{--tw-backdrop-grayscale:grayscale(100%);-webkit-backdrop-filter:var(--tw-backdrop-blur,) var(--tw-backdrop-brightness,) var(--tw-backdrop-contrast,) var(--tw-backdrop-grayscale,) var(--tw-backdrop-hue-rotate,) var(--tw-backdrop-invert,) var(--tw-backdrop-opacity,) var(--tw-backdrop-saturate,) var(--tw-backdrop-sepia,);backdrop-filter:var(--tw-backdrop-blur,) var(--tw-backdrop-brightness,) var(--tw-backdrop-contrast,) var(--tw-backdrop-grayscale,) var(--tw-backdrop-hue-rotate,) var(--tw-backdrop-invert,) var(--tw-backdrop-opacity,) var(--tw-backdrop-saturate,) var(--tw-backdrop-sepia,)}.backdrop-invert{--tw-backdrop-invert:invert(100%);-webkit-backdrop-filter:var(--tw-backdrop-blur,) var(--tw-backdrop-brightness,) var(--tw-backdrop-contrast,) var(--tw-backdrop-grayscale,) var(--tw-backdrop-hue-rotate,) var(--tw-backdrop-invert,) var(--tw-backdrop-opacity,) var(--tw-backdrop-saturate,) var(--tw-backdrop-sepia,);backdrop-filter:var(--tw-backdrop-blur,) var(--tw-backdrop-brightness,) var(--tw-backdrop-contrast,) var(--tw-backdrop-grayscale,) var(--tw-backdrop-hue-rotate,) var(--tw-backdrop-invert,) var(--tw-backdrop-opacity,) var(--tw-backdrop-saturate,) var(--tw-backdrop-sepia,)}.backdrop-sepia{--tw-backdrop-sepia:sepia(100%);-webkit-backdrop-filter:var(--tw-backdrop-blur,) var(--tw-backdrop-brightness,) var(--tw-backdrop-contrast,) var(--tw-backdrop-grayscale,) var(--tw-backdrop-hue-rotate,) var(--tw-backdrop-invert,) var(--tw-backdrop-opacity,) var(--tw-backdrop-saturate,) var(--tw-backdrop-sepia,);backdrop-filter:var(--tw-backdrop-blur,) var(--tw-backdrop-brightness,) var(--tw-backdrop-contrast,) var(--tw-backdrop-grayscale,) var(--tw-backdrop-hue-rotate,) var(--tw-backdrop-invert,) var(--tw-backdrop-opacity,) var(--tw-backdrop-saturate,) var(--tw-backdrop-sepia,)}.backdrop-filter{-webkit-backdrop-filter:var(--tw-backdrop-blur,) var(--tw-backdrop-brightness,) var(--tw-backdrop-contrast,) var(--tw-backdrop-grayscale,) var(--tw-backdrop-hue-rotate,) var(--tw-backdrop-invert,) var(--tw-backdrop-opacity,) var(--tw-backdrop-saturate,) var(--tw-backdrop-sepia,);backdrop-filter:var(--tw-backdrop-blur,) var(--tw-backdrop-brightness,) var(--tw-backdrop-contrast,) var(--tw-backdrop-grayscale,) var(--tw-backdrop-hue-rotate,) var(--tw-backdrop-invert,) var(--tw-backdrop-opacity,) var(--tw-backdrop-saturate,) var(--tw-backdrop-sepia,)}.transition{transition-property:color,background-color,border-color,outline-color,text-decoration-color,fill,stroke,--tw-gradient-from,--tw-gradient-via,--tw-gradient-to,opacity,box-shadow,transform,translate,scale,rotate,filter,-webkit-backdrop-filter,backdrop-filter,display,content-visibility,overlay,pointer-events;transition-timing-function:var(--tw-ease,var(--default-transition-timing-function));transition-duration:var(--tw-duration,var(--default-transition-duration))}.transition-all{transition-property:all;transition-timing-function:var(--tw-ease,var(--default-transition-timing-function));transition-duration:var(--tw-duration,var(--default-transition-duration))}.transition-colors{transition-property:color,background-color,border-color,outline-color,text-decoration-color,fill,stroke,--tw-gradient-from,--tw-gradient-via,--tw-gradient-to;transition-timing-function:var(--tw-ease,var(--default-transition-timing-function));transition-duration:var(--tw-duration,var(--default-transition-duration))}.transition-opacity{transition-property:opacity;transition-timing-function:var(--tw-ease,var(--default-transition-timing-function));transition-duration:var(--tw-duration,var(--default-transition-duration))}.transition-transform{transition-property:transform,translate,scale,rotate;transition-timing-function:var(--tw-ease,var(--default-transition-timing-function));transition-duration:var(--tw-duration,var(--default-transition-duration))}.duration-300{--tw-duration:.3s;transition-duration:.3s}.duration-500{--tw-duration:.5s;transition-duration:.5s}.duration-700{--tw-duration:.7s;transition-duration:.7s}.ease-in{--tw-ease:var(--ease-in);transition-timing-function:var(--ease-in)}.ease-in-out{--tw-ease:var(--ease-in-out);transition-timing-function:var(--ease-in-out)}.ease-out{--tw-ease:var(--ease-out);transition-timing-function:var(--ease-out)}:where(.divide-x-reverse>:not(:last-child)){--tw-divide-x-reverse:1}.ring-inset{--tw-ring-inset:inset}@media (hover:hover){.group-hover\:translate-x-1:is(:where(.group):hover *){--tw-translate-x:calc(var(--spacing) * 1);translate:var(--tw-translate-x) var(--tw-translate-y)}.group-hover\:scale-105:is(:where(.group):hover *){--tw-scale-x:105%;--tw-scale-y:105%;--tw-scale-z:105%;scale:var(--tw-scale-x) var(--tw-scale-y)}.group-hover\:scale-110:is(:where(.group):hover *){--tw-scale-x:110%;--tw-scale-y:110%;--tw-scale-z:110%;scale:var(--tw-scale-x) var(--tw-scale-y)}.group-hover\:bg-white\/95:is(:where(.group):hover *){background-color:#fffffff2}@supports (color:color-mix(in lab, red, red)){.group-hover\:bg-white\/95:is(:where(.group):hover *){background-color:color-mix(in oklab, var(--color-white) 95%, transparent)}}.group-hover\:text-primary:is(:where(.group):hover *){color:#bc8034}.group-hover\:opacity-100:is(:where(.group):hover *){opacity:1}.group-hover\:shadow-xl:is(:where(.group):hover *){--tw-shadow:0 20px 25px -5px var(--tw-shadow-color,#0000001a), 0 8px 10px -6px var(--tw-shadow-color,#0000001a);box-shadow:var(--tw-inset-shadow), var(--tw-inset-ring-shadow), var(--tw-ring-offset-shadow), var(--tw-ring-shadow), var(--tw-shadow)}.group-hover\/btn\:translate-x-0\.5:is(:where(.group\/btn):hover *){--tw-translate-x:calc(var(--spacing) * .5);translate:var(--tw-translate-x) var(--tw-translate-y)}.group-hover\/link\:translate-x-1:is(:where(.group\/link):hover *){--tw-translate-x:calc(var(--spacing) * 1);translate:var(--tw-translate-x) var(--tw-translate-y)}}.placeholder\:text-white\/40::placeholder{color:#fff6}@supports (color:color-mix(in lab, red, red)){.placeholder\:text-white\/40::placeholder{color:color-mix(in oklab, var(--color-white) 40%, transparent)}}@media (hover:hover){.hover\:-translate-y-1:hover{--tw-translate-y:calc(var(--spacing) * -1);translate:var(--tw-translate-x) var(--tw-translate-y)}.hover\:-translate-y-2:hover{--tw-translate-y:calc(var(--spacing) * -2);translate:var(--tw-translate-x) var(--tw-translate-y)}.hover\:scale-\[1\.02\]:hover{scale:1.02}.hover\:border-primary\/50:hover{border-color:oklab(64.7319% .0416823 .109279/.5)}.hover\:bg-primary:hover{background-color:#bc8034}.hover\:bg-primary-hover:hover{background-color:#a66e2b}.hover\:bg-primary\/90:hover{background-color:oklab(64.7319% .0416823 .109279/.9)}.hover\:bg-surface-muted:hover{background-color:#e8e4dd}.hover\:bg-surface-muted\/50:hover{background-color:oklab(92.0048% .00147855 .0102559/.5)}.hover\:text-dark-text:hover{color:#d9cab3}.hover\:text-primary:hover{color:#bc8034}.hover\:text-primary-hover:hover{color:#a66e2b}.hover\:text-red-500:hover{color:var(--color-red-500)}.hover\:text-text-primary:hover{color:#2c2520}.hover\:text-white:hover{color:var(--color-white)}.hover\:underline:hover{text-decoration-line:underline}.hover\:decoration-red-500:hover{-webkit-text-decoration-color:var(--color-red-500);-webkit-text-decoration-color:var(--color-red-500);text-decoration-color:var(--color-red-500)}.hover\:opacity-100:hover{opacity:1}.hover\:shadow-2xl:hover{--tw-shadow:0 25px 50px -12px var(--tw-shadow-color,#00000040);box-shadow:var(--tw-inset-shadow), var(--tw-inset-ring-shadow), var(--tw-ring-offset-shadow), var(--tw-ring-shadow), var(--tw-shadow)}.hover\:shadow-xl:hover{--tw-shadow:0 20px 25px -5px var(--tw-shadow-color,#0000001a), 0 8px 10px -6px var(--tw-shadow-color,#0000001a);box-shadow:var(--tw-inset-shadow), var(--tw-inset-ring-shadow), var(--tw-ring-offset-shadow), var(--tw-ring-shadow), var(--tw-shadow)}.hover\:shadow-primary\/10:hover{--tw-shadow-color:#bc80341a}@supports (color:color-mix(in lab, red, red)){.hover\:shadow-primary\/10:hover{--tw-shadow-color:color-mix(in oklab, oklab(64.7319% .0416823 .109279/.1) var(--tw-shadow-alpha), transparent)}}.hover\:shadow-primary\/30:hover{--tw-shadow-color:#bc80344d}@supports (color:color-mix(in lab, red, red)){.hover\:shadow-primary\/30:hover{--tw-shadow-color:color-mix(in oklab, oklab(64.7319% .0416823 .109279/.3) var(--tw-shadow-alpha), transparent)}}}.focus\:ring-2:focus{--tw-ring-shadow:var(--tw-ring-inset,) 0 0 0 calc(2px + var(--tw-ring-offset-width)) var(--tw-ring-color,currentcolor);box-shadow:var(--tw-inset-shadow), var(--tw-inset-ring-shadow), var(--tw-ring-offset-shadow), var(--tw-ring-shadow), var(--tw-shadow)}.focus\:ring-white\/30:focus{--tw-ring-color:#ffffff4d}@supports (color:color-mix(in lab, red, red)){.focus\:ring-white\/30:focus{--tw-ring-color:color-mix(in oklab, var(--color-white) 30%, transparent)}}.focus\:outline-none:focus{--tw-outline-style:none;outline-style:none}.active\:scale-95:active{--tw-scale-x:95%;--tw-scale-y:95%;--tw-scale-z:95%;scale:var(--tw-scale-x) var(--tw-scale-y)}.disabled\:opacity-50:disabled{opacity:.5}@media (min-width:40rem){.sm\:inline{display:inline}.sm\:grid-cols-2{grid-template-columns:repeat(2,minmax(0,1fr))}.sm\:flex-row{flex-direction:row}.sm\:items-end{align-items:flex-end}.sm\:items-start{align-items:flex-start}.sm\:gap-3{gap:calc(var(--spacing) * 3)}.sm\:gap-4{gap:calc(var(--spacing) * 4)}.sm\:gap-6{gap:calc(var(--spacing) * 6)}.sm\:text-left{text-align:left}.sm\:text-right{text-align:right}}@media (min-width:48rem){.md\:grid-cols-2{grid-template-columns:repeat(2,minmax(0,1fr))}.md\:grid-cols-3{grid-template-columns:repeat(3,minmax(0,1fr))}.md\:flex-row{flex-direction:row}.md\:items-end{align-items:flex-end}.md\:items-start{align-items:flex-start}.md\:justify-between{justify-content:space-between}.md\:justify-start{justify-content:flex-start}.md\:text-left{text-align:left}}@media (min-width:64rem){.lg\:col-span-2{grid-column:span 2/span 2}.lg\:flex{display:flex}.lg\:hidden{display:none}.lg\:h-80{height:calc(var(--spacing) * 80)}.lg\:h-\[420px\]{height:420px}.lg\:min-h-\[75vh\]{min-height:75vh}.lg\:w-80{width:calc(var(--spacing) * 80)}.lg\:grid-cols-2{grid-template-columns:repeat(2,minmax(0,1fr))}.lg\:grid-cols-3{grid-template-columns:repeat(3,minmax(0,1fr))}.lg\:grid-cols-4{grid-template-columns:repeat(4,minmax(0,1fr))}.lg\:grid-cols-\[1fr_280px\]{grid-template-columns:1fr 280px}.lg\:flex-row{flex-direction:row}.lg\:justify-between{justify-content:space-between}.lg\:gap-8{gap:calc(var(--spacing) * 8)}.lg\:gap-12{gap:calc(var(--spacing) * 12)}.lg\:gap-24{gap:calc(var(--spacing) * 24)}.lg\:p-12{padding:calc(var(--spacing) * 12)}.lg\:px-20{padding-inline:calc(var(--spacing) * 20)}.lg\:py-20{padding-block:calc(var(--spacing) * 20)}.lg\:py-24{padding-block:calc(var(--spacing) * 24)}.lg\:py-28{padding-block:calc(var(--spacing) * 28)}.lg\:py-32{padding-block:calc(var(--spacing) * 32)}.lg\:pt-20{padding-top:calc(var(--spacing) * 20)}.lg\:pb-32{padding-bottom:calc(var(--spacing) * 32)}.lg\:text-left{text-align:left}.lg\:text-5xl{font-size:var(--text-5xl);line-height:var(--tw-leading,var(--text-5xl--line-height))}.lg\:text-6xl{font-size:var(--text-6xl);line-height:var(--tw-leading,var(--text-6xl--line-height))}}@media (min-width:80rem){.xl\:text-6xl{font-size:var(--text-6xl);line-height:var(--tw-leading,var(--text-6xl--line-height))}}}@property --tw-translate-x{syntax:"*";inherits:false;initial-value:0}@property --tw-translate-y{syntax:"*";inherits:false;initial-value:0}@property --tw-translate-z{syntax:"*";inherits:false;initial-value:0}@property --tw-rotate-x{syntax:"*";inherits:false}@property --tw-rotate-y{syntax:"*";inherits:false}@property --tw-rotate-z{syntax:"*";inherits:false}@property --tw-skew-x{syntax:"*";inherits:false}@property --tw-skew-y{syntax:"*";inherits:false}@property --tw-pan-x{syntax:"*";inherits:false}@property --tw-pan-y{syntax:"*";inherits:false}@property --tw-pinch-zoom{syntax:"*";inherits:false}@property --tw-space-y-reverse{syntax:"*";inherits:false;initial-value:0}@property --tw-space-x-reverse{syntax:"*";inherits:false;initial-value:0}@property --tw-divide-x-reverse{syntax:"*";inherits:false;initial-value:0}@property --tw-border-style{syntax:"*";inherits:false;initial-value:solid}@property --tw-divide-y-reverse{syntax:"*";inherits:false;initial-value:0}@property --tw-gradient-position{syntax:"*";inherits:false}@property --tw-gradient-from{syntax:"<color>";inherits:false;initial-value:#0000}@property --tw-gradient-via{syntax:"<color>";inherits:false;initial-value:#0000}@property --tw-gradient-to{syntax:"<color>";inherits:false;initial-value:#0000}@property --tw-gradient-stops{syntax:"*";inherits:false}@property --tw-gradient-via-stops{syntax:"*";inherits:false}@property --tw-gradient-from-position{syntax:"<length-percentage>";inherits:false;initial-value:0%}@property --tw-gradient-via-position{syntax:"<length-percentage>";inherits:false;initial-value:50%}@property --tw-gradient-to-position{syntax:"<length-percentage>";inherits:false;initial-value:100%}@property --tw-leading{syntax:"*";inherits:false}@property --tw-font-weight{syntax:"*";inherits:false}@property --tw-tracking{syntax:"*";inherits:false}@property --tw-ordinal{syntax:"*";inherits:false}@property --tw-slashed-zero{syntax:"*";inherits:false}@property --tw-numeric-figure{syntax:"*";inherits:false}@property --tw-numeric-spacing{syntax:"*";inherits:false}@property --tw-numeric-fraction{syntax:"*";inherits:false}@property --tw-shadow{syntax:"*";inherits:false;initial-value:0 0 #0000}@property --tw-shadow-color{syntax:"*";inherits:false}@property --tw-shadow-alpha{syntax:"<percentage>";inherits:false;initial-value:100%}@property --tw-inset-shadow{syntax:"*";inherits:false;initial-value:0 0 #0000}@property --tw-inset-shadow-color{syntax:"*";inherits:false}@property --tw-inset-shadow-alpha{syntax:"<percentage>";inherits:false;initial-value:100%}@property --tw-ring-color{syntax:"*";inherits:false}@property --tw-ring-shadow{syntax:"*";inherits:false;initial-value:0 0 #0000}@property --tw-inset-ring-color{syntax:"*";inherits:false}@property --tw-inset-ring-shadow{syntax:"*";inherits:false;initial-value:0 0 #0000}@property --tw-ring-inset{syntax:"*";inherits:false}@property --tw-ring-offset-width{syntax:"<length>";inherits:false;initial-value:0}@property --tw-ring-offset-color{syntax:"*";inherits:false;initial-value:#fff}@property --tw-ring-offset-shadow{syntax:"*";inherits:false;initial-value:0 0 #0000}@property --tw-outline-style{syntax:"*";inherits:false;initial-value:solid}@property --tw-blur{syntax:"*";inherits:false}@property --tw-brightness{syntax:"*";inherits:false}@property --tw-contrast{syntax:"*";inherits:false}@property --tw-grayscale{syntax:"*";inherits:false}@property --tw-hue-rotate{syntax:"*";inherits:false}@property --tw-invert{syntax:"*";inherits:false}@property --tw-opacity{syntax:"*";inherits:false}@property --tw-saturate{syntax:"*";inherits:false}@property --tw-sepia{syntax:"*";inherits:false}@property --tw-drop-shadow{syntax:"*";inherits:false}@property --tw-drop-shadow-color{syntax:"*";inherits:false}@property --tw-drop-shadow-alpha{syntax:"<percentage>";inherits:false;initial-value:100%}@property --tw-drop-shadow-size{syntax:"*";inherits:false}@property --tw-backdrop-blur{syntax:"*";inherits:false}@property --tw-backdrop-brightness{syntax:"*";inherits:false}@property --tw-backdrop-contrast{syntax:"*";inherits:false}@property --tw-backdrop-grayscale{syntax:"*";inherits:false}@property --tw-backdrop-hue-rotate{syntax:"*";inherits:false}@property --tw-backdrop-invert{syntax:"*";inherits:false}@property --tw-backdrop-opacity{syntax:"*";inherits:false}@property --tw-backdrop-saturate{syntax:"*";inherits:false}@property --tw-backdrop-sepia{syntax:"*";inherits:false}@property --tw-duration{syntax:"*";inherits:false}@property --tw-ease{syntax:"*";inherits:false}@property --tw-scale-x{syntax:"*";inherits:false;initial-value:1}@property --tw-scale-y{syntax:"*";inherits:false;initial-value:1}@property --tw-scale-z{syntax:"*";inherits:false;initial-value:1}[39m
[31m[1m>[22m[39m[90m 3 |[39m
 [90m   |[39m [31m[1m^[22m[39m[0m



Import trace:
  Client Component Browser:
    ./Projects/saffronbox/src/app/globals.css [Client Component Browser]
    ./Projects/saffronbox/src/app/layout.tsx [Server Component]

https://nextjs.org/docs/messages/module-not-found


    at <unknown> (./Projects/saffronbox/src/app/globals.css:3:24935)
    at <unknown> (https://nextjs.org/docs/messages/module-not-found)
 ELIFECYCLE  Command failed with exit code 1.
